=== preflight: running instances (will not terminate any) ===
i-09b28cbb8d70cb032	wflike-vision-gap	c5.9xlarge
--- stage code + ENV ---
Completed 205 Bytes/205 Bytes (433 Bytes/s) with 1 file(s) remainingupload: ../../../../../tmp/nova_enrich_ENV to s3://sagemaker-studio-a5572760/wflike-nova-enrich/gap20k/ENV
Completed 6.0 KiB/6.0 KiB (11.9 KiB/s) with 1 file(s) remainingupload: aws/nova_enrich_ec2_chain.sh to s3://sagemaker-studio-a5572760/wflike-nova-enrich/gap20k/code/aws/nova_enrich_ec2_chain.sh
Completed 3.6 KiB/3.6 KiB (8.2 KiB/s) with 1 file(s) remainingupload: aws/nova_enrich_ec2_userdata.sh to s3://sagemaker-studio-a5572760/wflike-nova-enrich/gap20k/code/aws/nova_enrich_ec2_userdata.sh
Completed 25.8 KiB/25.8 KiB (55.7 KiB/s) with 1 file(s) remainingupload: ./nova_poster_enrich.py to s3://sagemaker-studio-a5572760/wflike-nova-enrich/gap20k/code/nova_poster_enrich.py
=== launch nova enrich EC2 ===
bucket=s3://sagemaker-studio-a5572760/wflike-nova-enrich/gap20k/ type=t3.large ami=ami-052355af2a014bd2c
sg=sg-0476343904a08eb4a subnet=subnet-08e655e74d8823aac profile=wflike-ec2-train Name=wflike-nova-enrich-gap20k
WORKERS=4 MIN_INTERVAL=0.55 LIMIT=0 BEDROCK_REGION=us-east-1
i-013b1b5f7946af48a
instance=i-013b1b5f7946af48a
waiting for running…
44.201.239.110
LISTO — IID=i-013b1b5f7946af48a IP=44.201.239.110 Name=wflike-nova-enrich-gap20k
Monitor:  aws s3 ls s3://sagemaker-studio-a5572760/wflike-nova-enrich/gap20k/results/
Log:      aws s3 cp s3://sagemaker-studio-a5572760/wflike-nova-enrich/gap20k/results/nova_enrich_ec2.log -
Progress: aws s3 cp s3://sagemaker-studio-a5572760/wflike-nova-enrich/gap20k/progress_cloud.json -
Pull:     bash pipeline/aws/pull_nova_enrich_cloud.sh
(instance self-terminates when chain finishes)
