monitor start Wed Jul 29 16:03:32 UTC 2026 iid=i-0a8940e6b7020eafe
[1 16:03:36] state=running |   id=1261561 status=ok chars=40 overlap=1.0 1.307s
  id=362776 status=ok chars=20 overlap=1.0 1.159s
  id=26921 status=ok chars=22 overlap=0.2 1.712s
[2 16:06:40] state=running |   id=1405670 status=ok chars=22 overlap=0.0 1.079s
  id=1463113 status=ok chars=4 overlap=1.0 0.887s
  id=1483020 status=ok chars=12 overlap=1.0 1.008s
[3 16:09:45] state=running |   id=743757 status=ok chars=85 overlap=0.8 1.885s
  id=11908 status=ok chars=7 overlap=1.0 2.39s
  id=28265 status=ok chars=19 overlap=0.3333 1.237s
[4 16:12:48] state=running |   id=1289969 status=ok chars=319 overlap=0.6 4.951s
  id=1298819 status=ok chars=22 overlap=1.0 1.243s
  id=1307154 status=ok chars=17 overlap=0.5 1.166s
[5 16:15:52] state=running |   id=1261561 status=ok chars=194 overlap=0.6667 17.349s
  id=362776 status=ok chars=55 overlap=1.0 8.85s
  id=26921 status=ok chars=31 overlap=1.0 5.233s
[6 16:18:55] state=running |   id=743757 status=ok chars=85 overlap=0.8 12.957s
  id=11908 status=ok chars=7 overlap=1.0 4.573s
  id=28265 status=ok chars=17 overlap=0.3333 3.959s
[7 16:21:59] state=running |   id=28419 status=ok chars=352 overlap=1.0 165.595s
  id=53553 status=ok chars=8 overlap=1.0 1.768s
  id=77050 status=ok chars=73 overlap=1.0 13.781s
[8 16:25:02] state=running |   id=28419 status=ok chars=352 overlap=1.0 165.595s
  id=53553 status=ok chars=8 overlap=1.0 1.768s
  id=77050 status=ok chars=73 overlap=1.0 13.781s
[9 16:28:06] state=running |   id=28419 status=ok chars=352 overlap=1.0 165.595s
  id=53553 status=ok chars=8 overlap=1.0 1.768s
  id=77050 status=ok chars=73 overlap=1.0 13.781s
[10 16:31:09] state=running |   id=28419 status=ok chars=352 overlap=1.0 165.595s
  id=53553 status=ok chars=8 overlap=1.0 1.768s
  id=77050 status=ok chars=73 overlap=1.0 13.781s
[11 16:34:13] state=running |   id=278267 status=ok chars=2181 overlap=0.3333 597.387s
  id=165078 status=ok chars=185 overlap=0.3333 31.529s
  id=225048 status=ok chars=41 overlap=1.0 7.3s
[12 16:37:17] state=running |   id=278267 status=ok chars=2181 overlap=0.3333 597.387s
  id=165078 status=ok chars=185 overlap=0.3333 31.529s
  id=225048 status=ok chars=41 overlap=1.0 7.3s
[13 16:40:21] state=running |   id=278267 status=ok chars=2181 overlap=0.3333 597.387s
  id=165078 status=ok chars=185 overlap=0.3333 31.529s
  id=225048 status=ok chars=41 overlap=1.0 7.3s
[14 16:43:24] state=running |   id=286452 status=ok chars=13 overlap=1.0 3.517s
  id=300156 status=ok chars=75 overlap=1.0 13.623s
  id=302019 status=ok chars=11 overlap=0.0 2.643s
[15 16:46:27] state=running |   id=286452 status=ok chars=13 overlap=1.0 3.517s
  id=300156 status=ok chars=75 overlap=1.0 13.623s
  id=302019 status=ok chars=11 overlap=0.0 2.643s
[16 16:49:31] state=running |   id=286452 status=ok chars=13 overlap=1.0 3.517s
  id=300156 status=ok chars=75 overlap=1.0 13.623s
  id=302019 status=ok chars=11 overlap=0.0 2.643s
[17 16:52:34] state=running |   id=286452 status=ok chars=13 overlap=1.0 3.517s
  id=300156 status=ok chars=75 overlap=1.0 13.623s
  id=302019 status=ok chars=11 overlap=0.0 2.643s
[18 16:55:38] state=running |   id=286452 status=ok chars=13 overlap=1.0 3.517s
  id=300156 status=ok chars=75 overlap=1.0 13.623s
  id=302019 status=ok chars=11 overlap=0.0 2.643s
[19 16:58:42] state=running |   id=286452 status=ok chars=13 overlap=1.0 3.517s
  id=300156 status=ok chars=75 overlap=1.0 13.623s
  id=302019 status=ok chars=11 overlap=0.0 2.643s
[20 17:01:45] state=running |   id=976209 status=ok chars=98 overlap=1.0 18.53s
  id=77677 status=ok chars=7 overlap=1.0 1.77s
  id=94910 status=ok chars=10 overlap=1.0 2.21s
[21 17:04:49] state=running |   id=77677 status=ok chars=7 overlap=1.0 1.77s
  id=94910 status=ok chars=10 overlap=1.0 2.21s
  id=207475 status=ok chars=31 overlap=0.0 4.831s
[22 17:07:52] state=running |   id=77677 status=ok chars=7 overlap=1.0 1.77s
  id=94910 status=ok chars=10 overlap=1.0 2.21s
  id=207475 status=ok chars=31 overlap=0.0 4.831s
[23 17:10:56] state=running |   id=77677 status=ok chars=7 overlap=1.0 1.77s
  id=94910 status=ok chars=10 overlap=1.0 2.21s
  id=207475 status=ok chars=31 overlap=0.0 4.831s
[24 17:14:00] state=running |   id=356486 status=ok chars=14 overlap=1.0 3.076s
  id=384756 status=ok chars=51 overlap=1.0 22.059s
  id=472015 status=ok chars=81 overlap=0.0 15.605s
[25 17:17:03] state=running |   id=356486 status=ok chars=14 overlap=1.0 3.076s
  id=384756 status=ok chars=51 overlap=1.0 22.059s
  id=472015 status=ok chars=81 overlap=0.0 15.605s
[26 17:20:07] state=running |   id=356486 status=ok chars=14 overlap=1.0 3.076s
  id=384756 status=ok chars=51 overlap=1.0 22.059s
  id=472015 status=ok chars=81 overlap=0.0 15.605s
[27 17:23:10] state=running |   id=748251 status=ok chars=11 overlap=0.6667 2.209s
  id=861413 status=ok chars=45 overlap=0.0 4.401s
  id=940187 status=ok chars=8 overlap=0.0 2.208s
[28 17:26:14] state=running |   id=863406 status=ok chars=13 overlap=1.0 2.645s
  id=918096 status=ok chars=38 overlap=1.0 7.474s
  id=931049 status=ok chars=125 overlap=1.0 18.718s
[29 17:29:17] state=running |   id=1441287 status=ok chars=40 overlap=0.0 7.471s
  id=1443966 status=ok chars=96 overlap=1.0 16.762s
  id=1475231 status=ok chars=108 overlap=0.0 16.312s
[30 17:32:25] state=running |   id=1441287 status=ok chars=40 overlap=0.0 7.471s
  id=1443966 status=ok chars=96 overlap=1.0 16.762s
  id=1475231 status=ok chars=108 overlap=0.0 16.312s
[31 17:35:29] state=running |   id=1441287 status=ok chars=40 overlap=0.0 7.471s
  id=1443966 status=ok chars=96 overlap=1.0 16.762s
  id=1475231 status=ok chars=108 overlap=0.0 16.312s
[32 17:38:33] state=running |   id=1718150 status=ok chars=2563 overlap=1.0 596.655s
  id=652004 status=ok chars=25 overlap=0.6 4.398s
  id=931940 status=ok chars=7 overlap=1.0 1.325s
[33 17:41:37] state=running |   id=1405670 status=ok chars=22 overlap=0.0 3.517s
  id=1463113 status=ok chars=4 overlap=1.0 1.228s
  id=1483020 status=ok chars=12 overlap=1.0 2.642s
[34 17:44:43] state=running |   id=1405670 status=ok chars=22 overlap=0.0 3.517s
  id=1463113 status=ok chars=4 overlap=1.0 1.228s
  id=1483020 status=ok chars=12 overlap=1.0 2.642s
[35 17:47:46] state=running |   id=1405670 status=ok chars=22 overlap=0.0 3.517s
  id=1463113 status=ok chars=4 overlap=1.0 1.228s
  id=1483020 status=ok chars=12 overlap=1.0 2.642s
[36 17:50:50] state=running | model=qianfan exit=0
--- run model=got Wed Jul 29 17:50:38 UTC 2026 ---
=== model=got device=cuda n=100 ===
DONE seen Wed Jul 29 17:53:52 UTC 2026
monitor end Wed Jul 29 17:53:52 UTC 2026
