ambiguous rows: 20
  TMDB 1019123: 'Spookie Dookie' (2022) dirs=['Brian Papandrea'] n_cand=2
  TMDB 725283: 'The Circle' (2020) dirs=['Michael Lansu'] n_cand=3
  TMDB 984225: 'The Resurgence' (2022) dirs=['Adam Williams'] n_cand=2
  TMDB 770456: 'A Christmas Carol' (2019) dirs=['Girish Patel'] n_cand=3
  TMDB 418253: 'Trapped!' (1994) dirs=['Gary Whitson'] n_cand=2
  TMDB 466607: 'Love Is a Stranger' (1994) dirs=['Dave Castiglione'] n_cand=2
  TMDB 752291: '' (None) dirs=[] n_cand=2
  TMDB 897260: 'The Project' (2017) dirs=['Rudy Ferguson Jr.'] n_cand=2
  TMDB 1200877: 'Crow' (2023) dirs=['Leo Doleman'] n_cand=2
  TMDB 1477709: 'Whispers' (2025) dirs=['Queenny Nguyen'] n_cand=2
  TMDB 1522558: 'Intruder' (2025) dirs=['Christian Grillo'] n_cand=2
  TMDB 1591150: 'Cycle' (2024) dirs=['Luis Viera'] n_cand=2
  TMDB 1630746: 'The Strangers' (2026) dirs=['Renny Harlin'] n_cand=2
  TMDB 1158427: 'Temptation' (2005) dirs=['Javier Barbera'] n_cand=3
  TMDB 1214934: 'Enigma' (2003) dirs=['Patrick Cutler', 'Kelly Cutler'] n_cand=2
  TMDB 1255945: 'Witching Hour' (None) dirs=['Elliot Masters'] n_cand=11
  TMDB 1520771: 'Ghost Ship' (None) dirs=['Robert Young'] n_cand=8
  TMDB 1567770: 'Threshold' (None) dirs=['Ashley Dahl'] n_cand=15
  TMDB 1680958: 'The Hand' (None) dirs=['Harsh Gogi'] n_cand=9
  TMDB 1705685: 'Red Lips' (None) dirs=['João Augusto de Nardo', 'Regan Fox'] n_cand=5

=== Manual resolution table (no accepts) ===
      id  title                         year    tmdb_dirs                             candidates
 1019123  Spookie Dookie                2022    Brian Papandrea                       https://www.imdb.com/title/tt13996652/ | https://www.imdb.com/title/tt21651888/
  725283  The Circle                    2020    Michael Lansu                         https://www.imdb.com/title/tt11080442/ | https://www.imdb.com/title/tt11833800/ | https://www.imdb.com/title/tt20250342/
  984225  The Resurgence                2022    Adam Williams                         https://www.imdb.com/title/tt14763752/ | https://www.imdb.com/title/tt29387381/
  770456  A Christmas Carol             2019    Girish Patel                          https://www.imdb.com/title/tt10476682/ | https://www.imdb.com/title/tt10778144/ | https://www.imdb.com/title/tt13571948/
  418253  Trapped!                      1994    Gary Whitson                          https://www.imdb.com/title/tt0129450/ | https://www.imdb.com/title/tt0265892/
  466607  Love Is a Stranger            1994    Dave Castiglione                      https://www.imdb.com/title/tt0143456/ | https://www.imdb.com/title/tt12603432/
  752291  CROWN OF THE ARCHONS          2017                                          https://www.imdb.com/title/tt7809904/ | https://www.imdb.com/title/tt7818370/
  897260  The Project                   2017    Rudy Ferguson Jr.                     https://www.imdb.com/title/tt26743693/ | https://www.imdb.com/title/tt7748240/
 1200877  Crow                          2023    Leo Doleman                           https://www.imdb.com/title/tt11375842/ | https://www.imdb.com/title/tt1340094/
 1477709  Whispers                      2025    Queenny Nguyen                        https://www.imdb.com/title/tt35680929/ | https://www.imdb.com/title/tt36054825/
 1522558  Intruder                      2025    Christian Grillo                      https://www.imdb.com/title/tt33245062/ | https://www.imdb.com/title/tt33365542/
 1591150  Cycle                         2024    Luis Viera                            https://www.imdb.com/title/tt28337760/ | https://www.imdb.com/title/tt42577152/
 1630746  The Strangers                 2026    Renny Harlin                          https://www.imdb.com/title/tt31077738/ | https://www.imdb.com/title/tt40205823/
 1158427  Temptation                    2005    Javier Barbera                        https://www.imdb.com/title/tt0339771/ | https://www.imdb.com/title/tt1059297/ | https://www.imdb.com/title/tt14766238/
 1214934  Enigma                        2003    Patrick Cutler; Kelly Cutler          https://www.imdb.com/title/tt0458665/ | https://www.imdb.com/title/tt12093188/
 1255945  Witching Hour                         Elliot Masters                        https://www.imdb.com/title/tt0007576/ | https://www.imdb.com/title/tt0012855/ | https://www.imdb.com/title/tt0025998/ | https://www.imdb.com/title/tt0089296/ | https://www.imdb.com/title/tt0181904/ | https://www.imdb.com/title/tt10327962/ | https://www.imdb.com/title/tt12002602/ | https://www.imdb.com/title/tt1634140/ | https://www.imdb.com/title/tt2727882/ | https://www.imdb.com/title/tt4473620/ | https://www.imdb.com/title/tt5103486/
 1520771  Ghost Ship                            Robert Young                          https://www.imdb.com/title/tt0035937/ | https://www.imdb.com/title/tt0044656/ | https://www.imdb.com/title/tt0104334/ | https://www.imdb.com/title/tt0288477/ | https://www.imdb.com/title/tt33086064/ | https://www.imdb.com/title/tt5389708/ | https://www.imdb.com/title/tt8351502/ | https://www.imdb.com/title/tt8640996/
 1567770  Threshold                             Ashley Dahl                           https://www.imdb.com/title/tt0083197/ | https://www.imdb.com/title/tt0120326/ | https://www.imdb.com/title/tt0339789/ | https://www.imdb.com/title/tt0425360/ | https://www.imdb.com/title/tt10909734/ | https://www.imdb.com/title/tt13443576/ | https://www.imdb.com/title/tt22263454/ | https://www.imdb.com/title/tt22456808/ | https://www.imdb.com/title/tt37727297/ | https://www.imdb.com/title/tt39636133/ | https://www.imdb.com/title/tt4002210/ | https://www.imdb.com/title/tt4669328/ | https://www.imdb.com/title/tt4738196/ | https://www.imdb.com/title/tt8008938/ | https://www.imdb.com/title/tt9297478/
 1680958  The Hand                              Harsh Gogi                            https://www.imdb.com/title/tt0053890/ | https://www.imdb.com/title/tt0066039/ | https://www.imdb.com/title/tt0082497/ | https://www.imdb.com/title/tt0401456/ | https://www.imdb.com/title/tt13898604/ | https://www.imdb.com/title/tt15165236/ | https://www.imdb.com/title/tt22046190/ | https://www.imdb.com/title/tt27830625/ | https://www.imdb.com/title/tt37510083/
 1705685  Red Lips                              João Augusto de Nardo; Regan Fox      https://www.imdb.com/title/tt0019315/ | https://www.imdb.com/title/tt0114245/ | https://www.imdb.com/title/tt0141531/ | https://www.imdb.com/title/tt1206483/ | https://www.imdb.com/title/tt43312702/
