TITLE_MATCH_START Mon Aug  3 13:33:41 -05 2026
start n_ocr=49412 n_todo=49412 done=0 translate=on below=0.35 workers=8
[200/49412] translated≈5 terr=0 rate=90.0/s id=3204 max=1.0
[400/49412] translated≈14 terr=0 rate=103.8/s id=8983 max=1.0
[600/49412] translated≈19 terr=0 rate=134.2/s id=10444 max=1.0
[800/49412] translated≈27 terr=0 rate=128.3/s id=12525 max=1.0
[1000/49412] translated≈28 terr=0 rate=157.0/s id=15434 max=1.0
[1200/49412] translated≈32 terr=0 rate=161.9/s id=18250 max=1.0
[1400/49412] translated≈42 terr=0 rate=160.7/s id=21785 max=1.0
[1600/49412] translated≈47 terr=0 rate=160.0/s id=24947 max=1.0
[1800/49412] translated≈52 terr=0 rate=166.8/s id=27296 max=1.0
[2000/49412] translated≈55 terr=0 rate=177.2/s id=27773 max=0.5
[2200/49412] translated≈61 terr=0 rate=180.1/s id=28388 max=1.0
[2400/49412] translated≈69 terr=0 rate=172.7/s id=29049 max=1.0
[2600/49412] translated≈82 terr=0 rate=152.3/s id=29790 max=0.75
[2800/49412] translated≈88 terr=0 rate=149.6/s id=30891 max=1.0
[3000/49412] translated≈95 terr=0 rate=146.0/s id=33641 max=0.0
[3200/49412] translated≈99 terr=0 rate=151.6/s id=36792 max=1.0
[3400/49412] translated≈102 terr=0 rate=157.3/s id=39408 max=1.0
[3600/49412] translated≈111 terr=0 rate=153.5/s id=40511 max=1.0
[3800/49412] translated≈115 terr=0 rate=150.9/s id=42968 max=1.0
[4000/49412] translated≈122 terr=0 rate=152.6/s id=45853 max=0.0
[4200/49412] translated≈127 terr=1 rate=148.4/s id=48789 max=0.6667
[4400/49412] translated≈134 terr=2 rate=142.1/s id=52263 max=1.0
[4600/49412] translated≈139 terr=2 rate=144.5/s id=55079 max=1.0
[4800/49412] translated≈146 terr=3 rate=137.8/s id=58250 max=1.0
[5000/49412] translated≈155 terr=3 rate=134.0/s id=62558 max=0.5
[5200/49412] translated≈167 terr=4 rate=128.4/s id=66470 max=0.0
[5400/49412] translated≈178 terr=4 rate=128.2/s id=67343 max=0.3333
[5600/49412] translated≈184 terr=5 rate=127.6/s id=73807 max=1.0
[5800/49412] translated≈198 terr=5 rate=123.9/s id=77602 max=1.0
[6000/49412] translated≈206 terr=5 rate=124.2/s id=82407 max=1.0
[6200/49412] translated≈211 terr=5 rate=126.0/s id=84997 max=1.0
[6400/49412] translated≈220 terr=5 rate=126.5/s id=86689 max=0.0
[6600/49412] translated≈228 terr=5 rate=127.5/s id=90025 max=1.0
[6800/49412] translated≈236 terr=5 rate=124.7/s id=90629 max=0.0
[7000/49412] translated≈240 terr=5 rate=126.9/s id=99478 max=1.0
[7200/49412] translated≈255 terr=5 rate=124.7/s id=104583 max=1.0
[7400/49412] translated≈272 terr=5 rate=117.9/s id=106990 max=1.0
[7600/49412] translated≈290 terr=6 rate=113.5/s id=111258 max=0.0
[7800/49412] translated≈297 terr=6 rate=114.4/s id=116532 max=1.0
[8000/49412] translated≈307 terr=6 rate=114.3/s id=122539 max=1.0
[8200/49412] translated≈315 terr=6 rate=114.3/s id=128311 max=1.0
[8400/49412] translated≈331 terr=6 rate=112.1/s id=135240 max=1.0
[8600/49412] translated≈335 terr=6 rate=113.4/s id=140506 max=1.0
[8800/49412] translated≈345 terr=7 rate=112.0/s id=147136 max=1.0
[9000/49412] translated≈362 terr=7 rate=110.6/s id=157422 max=1.0
[9200/49412] translated≈379 terr=7 rate=108.6/s id=167198 max=1.0
[9400/49412] translated≈392 terr=7 rate=107.6/s id=175944 max=1.0
[9600/49412] translated≈402 terr=8 rate=106.7/s id=186747 max=1.0
[9800/49412] translated≈420 terr=8 rate=104.6/s id=197336 max=0.5
[10000/49412] translated≈428 terr=8 rate=105.0/s id=206157 max=1.0
[10200/49412] translated≈441 terr=8 rate=103.9/s id=213766 max=0.6
[10400/49412] translated≈457 terr=8 rate=101.5/s id=221637 max=1.0
[10600/49412] translated≈468 terr=9 rate=100.5/s id=227553 max=1.0
[10800/49412] translated≈478 terr=9 rate=100.2/s id=235374 max=1.0
[11000/49412] translated≈491 terr=9 rate=99.8/s id=246741 max=1.0
[11200/49412] translated≈508 terr=9 rate=98.5/s id=253829 max=1.0
[11400/49412] translated≈519 terr=9 rate=98.7/s id=260012 max=1.0
[11600/49412] translated≈533 terr=10 rate=97.1/s id=267743 max=0.75
[11800/49412] translated≈545 terr=10 rate=96.8/s id=273792 max=0.5
[12000/49412] translated≈555 terr=10 rate=97.1/s id=279755 max=1.0
[12200/49412] translated≈563 terr=11 rate=96.3/s id=280468 max=0.0
[12400/49412] translated≈572 terr=11 rate=96.5/s id=291693 max=1.0
[12600/49412] translated≈585 terr=11 rate=95.7/s id=297058 max=0.3333
[12800/49412] translated≈615 terr=11 rate=91.1/s id=300790 max=0.0
[13000/49412] translated≈627 terr=11 rate=91.2/s id=308130 max=0.0
[13200/49412] translated≈640 terr=11 rate=90.8/s id=316005 max=0.0
[13400/49412] translated≈660 terr=13 rate=88.5/s id=322211 max=1.0
[13600/49412] translated≈674 terr=14 rate=87.1/s id=327767 max=1.0
[13800/49412] translated≈687 terr=14 rate=86.8/s id=333720 max=1.0
[14000/49412] translated≈700 terr=14 rate=86.0/s id=339225 max=0.6667
[14200/49412] translated≈710 terr=14 rate=86.3/s id=344534 max=0.5
[14400/49412] translated≈728 terr=14 rate=86.0/s id=349942 max=1.0
[14600/49412] translated≈743 terr=14 rate=84.3/s id=355713 max=1.0
[14800/49412] translated≈762 terr=14 rate=83.1/s id=362126 max=0.6667
[15000/49412] translated≈776 terr=14 rate=82.7/s id=366333 max=1.0
[15200/49412] translated≈791 terr=14 rate=82.4/s id=372800 max=0.25
[15400/49412] translated≈801 terr=15 rate=82.2/s id=381237 max=1.0
[15600/49412] translated≈813 terr=15 rate=82.3/s id=387391 max=0.5
[15800/49412] translated≈829 terr=15 rate=82.3/s id=393927 max=1.0
[16000/49412] translated≈844 terr=15 rate=82.0/s id=400545 max=1.0
[16200/49412] translated≈857 terr=15 rate=81.3/s id=405525 max=1.0
[16400/49412] translated≈868 terr=16 rate=80.8/s id=410735 max=0.0
[16600/49412] translated≈881 terr=16 rate=80.3/s id=416459 max=1.0
[16800/49412] translated≈898 terr=17 rate=79.1/s id=419826 max=1.0
[17000/49412] translated≈924 terr=18 rate=76.5/s id=422728 max=0.75
[17200/49412] translated≈939 terr=18 rate=76.3/s id=426797 max=0.5
[17400/49412] translated≈952 terr=18 rate=76.1/s id=434279 max=1.0
[17600/49412] translated≈962 terr=20 rate=75.6/s id=441081 max=1.0
[17800/49412] translated≈975 terr=20 rate=75.7/s id=446031 max=1.0
[18000/49412] translated≈1005 terr=21 rate=74.3/s id=450008 max=1.0
[18200/49412] translated≈1022 terr=21 rate=73.7/s id=454546 max=0.5
[18400/49412] translated≈1030 terr=22 rate=73.8/s id=460458 max=0.6667
[18600/49412] translated≈1037 terr=23 rate=73.9/s id=465979 max=1.0
[18800/49412] translated≈1046 terr=23 rate=74.2/s id=471986 max=0.0
[19000/49412] translated≈1062 terr=24 rate=73.6/s id=478818 max=1.0
[19200/49412] translated≈1067 terr=24 rate=74.1/s id=482233 max=1.0
[19400/49412] translated≈1083 terr=24 rate=73.8/s id=484980 max=1.0
[19600/49412] translated≈1093 terr=24 rate=74.0/s id=489428 max=1.0
[19800/49412] translated≈1112 terr=24 rate=73.5/s id=496552 max=1.0
[20000/49412] translated≈1117 terr=25 rate=73.7/s id=503030 max=1.0
[20200/49412] translated≈1121 terr=25 rate=74.2/s id=508385 max=0.0
[20400/49412] translated≈1131 terr=25 rate=74.3/s id=514793 max=1.0
[20600/49412] translated≈1141 terr=25 rate=74.2/s id=521040 max=1.0
[20800/49412] translated≈1155 terr=26 rate=74.0/s id=526766 max=1.0
[21000/49412] translated≈1171 terr=27 rate=73.4/s id=532996 max=0.0
[21200/49412] translated≈1179 terr=27 rate=73.8/s id=540306 max=0.0
[21400/49412] translated≈1192 terr=28 rate=73.5/s id=547231 max=0.5
[21600/49412] translated≈1204 terr=29 rate=73.2/s id=552474 max=0.5
[21800/49412] translated≈1216 terr=29 rate=73.2/s id=558414 max=1.0
[22000/49412] translated≈1235 terr=29 rate=72.8/s id=565972 max=1.0
[22200/49412] translated≈1250 terr=29 rate=72.7/s id=571253 max=0.0
[22400/49412] translated≈1262 terr=30 rate=72.6/s id=578100 max=1.0
[22600/49412] translated≈1270 terr=30 rate=72.7/s id=579961 max=0.3333
[22800/49412] translated≈1282 terr=31 rate=72.6/s id=591903 max=0.5
[23000/49412] translated≈1289 terr=31 rate=73.0/s id=600734 max=1.0
[23200/49412] translated≈1304 terr=31 rate=72.7/s id=607614 max=0.5
[23400/49412] translated≈1319 terr=31 rate=72.6/s id=613607 max=1.0
[23600/49412] translated≈1334 terr=31 rate=72.3/s id=622896 max=1.0
[23800/49412] translated≈1340 terr=31 rate=72.7/s id=631732 max=1.0
[24000/49412] translated≈1351 terr=31 rate=72.5/s id=637180 max=1.0
[24200/49412] translated≈1361 terr=31 rate=72.4/s id=642078 max=0.0
[24400/49412] translated≈1373 terr=32 rate=72.2/s id=646489 max=1.0
[24600/49412] translated≈1387 terr=32 rate=72.1/s id=653340 max=1.0
[24800/49412] translated≈1398 terr=32 rate=72.2/s id=661289 max=0.8333
[25000/49412] translated≈1411 terr=33 rate=72.1/s id=668683 max=1.0
[25200/49412] translated≈1424 terr=33 rate=71.9/s id=676649 max=1.0
[25400/49412] translated≈1437 terr=33 rate=71.7/s id=685826 max=0.0
[25600/49412] translated≈1449 terr=33 rate=71.8/s id=693676 max=0.8
[25800/49412] translated≈1465 terr=34 rate=71.1/s id=704214 max=1.0
[26000/49412] translated≈1477 terr=34 rate=71.2/s id=710311 max=1.0
[26200/49412] translated≈1492 terr=35 rate=70.8/s id=718326 max=0.4
[26400/49412] translated≈1514 terr=35 rate=69.8/s id=725851 max=1.0
[26600/49412] translated≈1524 terr=35 rate=69.8/s id=731810 max=1.0
[26800/49412] translated≈1539 terr=36 rate=69.6/s id=737885 max=0.0
[27000/49412] translated≈1554 terr=37 rate=69.4/s id=742789 max=1.0
[27200/49412] translated≈1569 terr=37 rate=69.3/s id=748812 max=1.0
[27400/49412] translated≈1579 terr=37 rate=69.3/s id=753158 max=0.0
[27600/49412] translated≈1592 terr=37 rate=69.4/s id=758637 max=1.0
[27800/49412] translated≈1610 terr=37 rate=69.0/s id=763209 max=0.0
[28000/49412] translated≈1618 terr=37 rate=69.0/s id=769629 max=0.2
[28200/49412] translated≈1634 terr=38 rate=68.9/s id=776874 max=1.0
[28400/49412] translated≈1648 terr=39 rate=68.6/s id=781353 max=0.3333
[28600/49412] translated≈1669 terr=39 rate=68.1/s id=790146 max=1.0
[28800/49412] translated≈1676 terr=39 rate=68.3/s id=797815 max=1.0
[29000/49412] translated≈1694 terr=39 rate=68.1/s id=803938 max=0.5
[29200/49412] translated≈1706 terr=39 rate=67.9/s id=810260 max=1.0
[29400/49412] translated≈1721 terr=40 rate=67.5/s id=814112 max=0.0
[29600/49412] translated≈1737 terr=40 rate=67.2/s id=825900 max=1.0
[29800/49412] translated≈1744 terr=40 rate=67.5/s id=835872 max=1.0
[30000/49412] translated≈1764 terr=40 rate=67.4/s id=844202 max=0.6
[30200/49412] translated≈1777 terr=41 rate=67.2/s id=851468 max=0.5
[30400/49412] translated≈1799 terr=41 rate=66.9/s id=855467 max=1.0
[30600/49412] translated≈1810 terr=42 rate=66.7/s id=861977 max=1.0
[30800/49412] translated≈1828 terr=42 rate=66.5/s id=871440 max=1.0
[31000/49412] translated≈1840 terr=43 rate=66.5/s id=877260 max=0.0
[31200/49412] translated≈1852 terr=43 rate=66.5/s id=882835 max=1.0
[31400/49412] translated≈1859 terr=44 rate=66.5/s id=891195 max=0.0
[31600/49412] translated≈1878 terr=44 rate=66.2/s id=898714 max=0.0
[31800/49412] translated≈1896 terr=44 rate=66.1/s id=912407 max=1.0
[32000/49412] translated≈1915 terr=44 rate=65.9/s id=922404 max=1.0
[32200/49412] translated≈1935 terr=44 rate=65.8/s id=930087 max=1.0
[32400/49412] translated≈1952 terr=45 rate=65.4/s id=936165 max=0.0
[32600/49412] translated≈1974 terr=45 rate=65.3/s id=947159 max=1.0
[32800/49412] translated≈1991 terr=45 rate=65.0/s id=955991 max=1.0
[33000/49412] translated≈2009 terr=45 rate=64.9/s id=966300 max=1.0
[33200/49412] translated≈2023 terr=45 rate=65.0/s id=973899 max=0.6667
[33400/49412] translated≈2041 terr=45 rate=64.9/s id=980062 max=0.5
[33600/49412] translated≈2052 terr=46 rate=64.8/s id=986359 max=1.0
[33800/49412] translated≈2067 terr=46 rate=64.9/s id=992452 max=1.0
[34000/49412] translated≈2075 terr=46 rate=65.1/s id=1000322 max=1.0
[34200/49412] translated≈2090 terr=46 rate=65.1/s id=1008732 max=0.0
[34400/49412] translated≈2103 terr=46 rate=65.1/s id=1016406 max=1.0
[34600/49412] translated≈2116 terr=46 rate=65.1/s id=1023008 max=0.5
[34800/49412] translated≈2126 terr=46 rate=65.2/s id=1029038 max=0.5
[35000/49412] translated≈2135 terr=46 rate=65.3/s id=1034520 max=1.0
[35200/49412] translated≈2144 terr=47 rate=65.3/s id=1041265 max=1.0
[35400/49412] translated≈2150 terr=47 rate=65.5/s id=1050581 max=1.0
[35600/49412] translated≈2159 terr=47 rate=65.6/s id=1062970 max=1.0
[35800/49412] translated≈2166 terr=47 rate=65.8/s id=1076277 max=0.0
[36000/49412] translated≈2170 terr=47 rate=66.0/s id=1086794 max=1.0
[36200/49412] translated≈2179 terr=47 rate=66.1/s id=1098117 max=0.3333
[36400/49412] translated≈2188 terr=47 rate=66.2/s id=1109400 max=1.0
[36600/49412] translated≈2198 terr=47 rate=66.3/s id=1119622 max=1.0
[36800/49412] translated≈2205 terr=47 rate=66.5/s id=1130792 max=1.0
[37000/49412] translated≈2211 terr=47 rate=66.6/s id=1141993 max=0.0
[37200/49412] translated≈2222 terr=47 rate=66.7/s id=1151556 max=1.0
[37400/49412] translated≈2233 terr=47 rate=66.7/s id=1156640 max=0.0
[37600/49412] translated≈2245 terr=47 rate=66.6/s id=1172491 max=1.0
[37800/49412] translated≈2255 terr=47 rate=66.8/s id=1183405 max=0.4286
[38000/49412] translated≈2267 terr=47 rate=66.7/s id=1192203 max=1.0
[38200/49412] translated≈2276 terr=47 rate=66.8/s id=1200167 max=0.0
[38400/49412] translated≈2283 terr=47 rate=67.0/s id=1209813 max=1.0
[38600/49412] translated≈2290 terr=47 rate=67.1/s id=1220158 max=0.5
[38800/49412] translated≈2303 terr=47 rate=67.1/s id=1231554 max=1.0
[39000/49412] translated≈2315 terr=47 rate=67.2/s id=1240469 max=1.0
[39200/49412] translated≈2326 terr=47 rate=67.2/s id=1248492 max=0.0
[39400/49412] translated≈2334 terr=47 rate=67.4/s id=1257264 max=0.3333
[39600/49412] translated≈2339 terr=47 rate=67.6/s id=1266426 max=1.0
[39800/49412] translated≈2350 terr=47 rate=67.6/s id=1275425 max=1.0
[40000/49412] translated≈2360 terr=47 rate=67.8/s id=1282300 max=1.0
[40200/49412] translated≈2376 terr=47 rate=67.8/s id=1290847 max=1.0
[40400/49412] translated≈2383 terr=47 rate=67.9/s id=1298810 max=1.0
[40600/49412] translated≈2393 terr=47 rate=68.0/s id=1308247 max=1.0
[40800/49412] translated≈2401 terr=47 rate=68.1/s id=1314901 max=1.0
[41000/49412] translated≈2407 terr=47 rate=68.3/s id=1321252 max=1.0
[41200/49412] translated≈2413 terr=47 rate=68.5/s id=1328618 max=1.0
[41400/49412] translated≈2423 terr=47 rate=68.5/s id=1339439 max=1.0
[41600/49412] translated≈2435 terr=47 rate=68.5/s id=1355968 max=1.0
[41800/49412] translated≈2446 terr=47 rate=68.5/s id=1364173 max=0.5
[42000/49412] translated≈2454 terr=47 rate=68.6/s id=1370918 max=1.0
[42200/49412] translated≈2465 terr=47 rate=68.6/s id=1376443 max=0.0
[42400/49412] translated≈2472 terr=47 rate=68.8/s id=1383806 max=1.0
[42600/49412] translated≈2481 terr=47 rate=68.9/s id=1393449 max=0.6667
[42800/49412] translated≈2488 terr=47 rate=69.1/s id=1401958 max=1.0
[43000/49412] translated≈2500 terr=47 rate=69.1/s id=1405803 max=0.0
[43200/49412] translated≈2508 terr=47 rate=69.3/s id=1423701 max=1.0
[43400/49412] translated≈2515 terr=48 rate=69.4/s id=1433965 max=1.0
[43600/49412] translated≈2528 terr=48 rate=69.5/s id=1443218 max=1.0
[43800/49412] translated≈2539 terr=49 rate=69.3/s id=1453269 max=1.0
[44000/49412] translated≈2547 terr=49 rate=69.5/s id=1462960 max=1.0
[44200/49412] translated≈2557 terr=49 rate=69.6/s id=1472678 max=1.0
[44400/49412] translated≈2565 terr=49 rate=69.8/s id=1481272 max=1.0
[44600/49412] translated≈2577 terr=49 rate=69.8/s id=1490665 max=1.0
[44800/49412] translated≈2583 terr=49 rate=70.0/s id=1500993 max=0.3333
[45000/49412] translated≈2591 terr=49 rate=70.0/s id=1510652 max=0.0
[45200/49412] translated≈2597 terr=49 rate=70.2/s id=1522937 max=0.5
[45400/49412] translated≈2604 terr=49 rate=70.4/s id=1532689 max=1.0
[45600/49412] translated≈2610 terr=49 rate=70.6/s id=1542028 max=1.0
[45800/49412] translated≈2620 terr=49 rate=70.6/s id=1551063 max=1.0
[46000/49412] translated≈2633 terr=49 rate=70.7/s id=1559805 max=1.0
[46200/49412] translated≈2645 terr=49 rate=70.7/s id=1561575 max=0.0
[46400/49412] translated≈2652 terr=49 rate=70.8/s id=1573195 max=0.375
[46600/49412] translated≈2660 terr=49 rate=71.0/s id=1584001 max=1.0
[46800/49412] translated≈2661 terr=49 rate=71.3/s id=1595452 max=0.0
[47000/49412] translated≈2667 terr=49 rate=71.5/s id=1607507 max=1.0
[47200/49412] translated≈2679 terr=49 rate=71.6/s id=1619635 max=1.0
[47400/49412] translated≈2687 terr=49 rate=71.7/s id=1630746 max=1.0
[47600/49412] translated≈2697 terr=49 rate=71.9/s id=1639488 max=0.5
[47800/49412] translated≈2711 terr=49 rate=71.9/s id=1649773 max=1.0
[48000/49412] translated≈2722 terr=49 rate=71.9/s id=1659742 max=1.0
[48200/49412] translated≈2726 terr=49 rate=72.1/s id=1671441 max=0.0
[48400/49412] translated≈2743 terr=49 rate=72.0/s id=1686082 max=1.0
[48600/49412] translated≈2755 terr=49 rate=72.0/s id=1689964 max=0.0
[48800/49412] translated≈2760 terr=49 rate=72.2/s id=1705035 max=0.0
[49000/49412] translated≈2775 terr=49 rate=72.1/s id=1715188 max=1.0
[49200/49412] translated≈2787 terr=49 rate=72.1/s id=1725258 max=0.5
[49400/49412] translated≈2801 terr=49 rate=72.0/s id=1736795 max=1.0
[49412/49412] translated≈2808 terr=49 rate=71.9/s id=1733000 max=0.0
LISTO n=49412 suspects=8266 translated=2808 terr=49 elapsed=11.5m → /Users/juanpabloduque/Documents/what-fear-looks-like/pipeline/data/qa/poster_title_match.csv
suspects → /Users/juanpabloduque/Documents/what-fear-looks-like/pipeline/data/qa/poster_title_match_suspects.csv
TITLE_MATCH_END exit=0 Mon Aug  3 13:45:09 -05 2026
TITLE_MATCH_REFILL055 Mon Aug  3 14:00:02 -05 2026
refill n_todo=1347 base=49412 below=0.55 suspect_below=0.35 workers=8
[100/1347] translated≈93 terr=6 rate=3.8/s id=104184 max=0.75
[200/1347] translated≈186 terr=11 rate=3.9/s id=271393 max=0.5
[300/1347] translated≈272 terr=18 rate=3.9/s id=402805 max=0.0
[400/1347] translated≈363 terr=27 rate=3.8/s id=482783 max=1.0
[500/1347] translated≈443 terr=34 rate=3.8/s id=609571 max=1.0
[600/1347] translated≈525 terr=39 rate=3.9/s id=739454 max=0.5
[700/1347] translated≈599 terr=46 rate=4.0/s id=876207 max=0.5
[800/1347] translated≈670 terr=50 rate=4.1/s id=1037635 max=0.0
[900/1347] translated≈707 terr=50 rate=4.4/s id=1160065 max=0.0
[1000/1347] translated≈768 terr=50 rate=4.7/s id=1284306 max=0.5
[1100/1347] translated≈827 terr=50 rate=4.8/s id=1427197 max=0.5
[1200/1347] translated≈882 terr=51 rate=5.0/s id=1564836 max=0.0
[1300/1347] translated≈913 terr=51 rate=5.3/s id=1692825 max=0.0
[1347/1347] translated≈932 terr=51 rate=5.4/s id=1735681 max=0.75
LISTO n=49412 suspects=8266 translated=3740 terr=51 elapsed=4.2m → /Users/juanpabloduque/Documents/what-fear-looks-like/pipeline/data/qa/poster_title_match.csv refill_improved=71
suspects → /Users/juanpabloduque/Documents/what-fear-looks-like/pipeline/data/qa/poster_title_match_suspects.csv
TITLE_MATCH_REFILL055_END exit=0 Mon Aug  3 14:04:15 -05 2026
TITLE_MATCH_HARDEN Mon Aug  3 14:13:35 -05 2026
refill n_todo=251 base=49412 below=0.55 translate_min_chars=60 suspect_below=0.35 workers=8
[100/251] translated≈0 terr=15 rate=10.2/s id=1142388 max=0.0
[200/251] translated≈0 terr=15 rate=20.0/s id=1636140 max=0.0
[251/251] translated≈0 terr=22 rate=17.6/s id=1031087 max=0.0
LISTO n=49412 suspects=8266 translated=3740 terr=22 elapsed=0.2m → /Users/juanpabloduque/Documents/what-fear-looks-like/pipeline/data/qa/poster_title_match.csv refill_improved=0
suspects → /Users/juanpabloduque/Documents/what-fear-looks-like/pipeline/data/qa/poster_title_match_suspects.csv
TITLE_MATCH_HARDEN_END exit=0 Mon Aug  3 14:13:51 -05 2026
TITLE_MATCH_FALLBACK Mon Aug  3 14:14:45 -05 2026
refill n_todo=251 base=49412 below=0.55 translate_min_chars=60 suspect_below=0.35 workers=8
[100/251] translated≈15 terr=0 rate=6.9/s id=1142388 max=0.0
[200/251] translated≈15 terr=0 rate=13.7/s id=1636140 max=0.0
[251/251] translated≈22 terr=0 rate=13.4/s id=1031087 max=0.0
LISTO n=49412 suspects=8263 translated=3762 terr=0 elapsed=0.3m → /Users/juanpabloduque/Documents/what-fear-looks-like/pipeline/data/qa/poster_title_match.csv refill_improved=5
suspects → /Users/juanpabloduque/Documents/what-fear-looks-like/pipeline/data/qa/poster_title_match_suspects.csv
TITLE_MATCH_FALLBACK_END exit=0 Mon Aug  3 14:15:05 -05 2026
