reanalyze 4,655 ids from data/qa/primary_drift_reanalyze_ids.csv

=== RECOLOR posters.csv ===
  recolor 4,655 posters.csv rows
    color 100/4655 ok=100 fail=0
    color 200/4655 ok=200 fail=0
    color 300/4655 ok=300 fail=0
    color 400/4655 ok=400 fail=0
    color 500/4655 ok=500 fail=0
    color 600/4655 ok=600 fail=0
    color 700/4655 ok=700 fail=0
    color 800/4655 ok=800 fail=0
    color 900/4655 ok=900 fail=0
    color 1000/4655 ok=1000 fail=0
    color 1100/4655 ok=1100 fail=0
    color 1200/4655 ok=1200 fail=0
    color 1300/4655 ok=1300 fail=0
    color 1400/4655 ok=1400 fail=0
    color 1500/4655 ok=1500 fail=0
    color 1600/4655 ok=1600 fail=0
    color 1700/4655 ok=1700 fail=0
    color 1800/4655 ok=1800 fail=0
    color 1900/4655 ok=1900 fail=0
    color 2000/4655 ok=2000 fail=0
    color 2100/4655 ok=2100 fail=0
    color 2200/4655 ok=2200 fail=0
    color 2300/4655 ok=2300 fail=0
    color 2400/4655 ok=2400 fail=0
    color 2500/4655 ok=2500 fail=0
    color 2600/4655 ok=2600 fail=0
    color 2700/4655 ok=2700 fail=0
    color 2800/4655 ok=2800 fail=0
    color 2900/4655 ok=2900 fail=0
    color 3000/4655 ok=3000 fail=0
    color 3100/4655 ok=3100 fail=0
    color 3200/4655 ok=3200 fail=0
    color 3300/4655 ok=3300 fail=0
    color 3400/4655 ok=3400 fail=0
    color 3500/4655 ok=3500 fail=0
    color 3600/4655 ok=3600 fail=0
    color 3700/4655 ok=3700 fail=0
    color 3800/4655 ok=3800 fail=0
    color 3900/4655 ok=3900 fail=0
    color 4000/4655 ok=4000 fail=0
    color 4100/4655 ok=4100 fail=0
    color 4200/4655 ok=4200 fail=0
    color 4300/4655 ok=4300 fail=0
    color 4400/4655 ok=4400 fail=0
    color 4500/4655 ok=4500 fail=0
    color 4600/4655 ok=4600 fail=0
    color 4655/4655 ok=4655 fail=0
  writing posters.csv (4,655 refreshed)...
  posters.csv color refreshed for 4,655 (fail=0)

$ /Users/juanpabloduque/miniforge3/bin/python3 -u multi_analyze.py
pending: 4,655 / 38,337
  checkpoint +250 (33,932/38,337) 16/s
  checkpoint +250 (34,182/38,337) 13/s
  checkpoint +250 (34,432/38,337) 32/s
  checkpoint +250 (34,682/38,337) 19/s
  checkpoint +250 (34,932/38,337) 26/s
  checkpoint +250 (35,182/38,337) 16/s
  checkpoint +250 (35,432/38,337) 17/s
  checkpoint +250 (35,682/38,337) 14/s
  checkpoint +250 (35,932/38,337) 24/s
  checkpoint +250 (36,182/38,337) 24/s
  checkpoint +250 (36,432/38,337) 25/s
  checkpoint +250 (36,682/38,337) 18/s
  checkpoint +250 (36,932/38,337) 30/s
  checkpoint +250 (37,182/38,337) 15/s
  checkpoint +250 (37,432/38,337) 19/s
  checkpoint +250 (37,682/38,337) 34/s
  checkpoint +250 (37,932/38,337) 25/s
  checkpoint +250 (38,182/38,337) 18/s
checkpoint covers 38,337/38,337

=== BY DECADE ===
        symmetry  neg_space  complexity  mass_y  mass_x  text_area  text_y  text_regions  text_x  text_top  text_w  text_h  align_score  thirds_dist  n_blocks  balance  harmony  diagonal_score  pyramid_shift      n
decade                                                                                                                                                                                                                
1890      0.8276     0.2853      0.1591  0.4895  0.4767     0.1542  0.4527      202.4286     NaN       NaN     NaN     NaN       0.0560       0.2209    9.4286   0.0961   0.8827          0.2020         0.0116      7
1900      0.8685     0.3558      0.1218  0.4597  0.4835     0.1738  0.4350      239.9286     NaN       NaN     NaN     NaN       0.0585       0.2198    9.6429   0.0938   0.9382          0.1825        -0.1329     14
1910      0.8141     0.2019      0.1857  0.5046  0.4976     0.2911  0.5014      425.8305     NaN       NaN     NaN     NaN       0.0553       0.2306    8.2881   0.0720   0.9074          0.2326         0.0075     59
1920      0.8045     0.2347      0.1597  0.5051  0.4964     0.2664  0.5005      388.3767 -1.0000   -1.0000 -1.0000 -1.0000       0.0686       0.2279    7.8082   0.0784   0.9185          0.2706         0.0153    146
1930      0.7939     0.2204      0.1646  0.5014  0.4965     0.3137  0.4990      429.5478 -1.0000   -1.0000 -1.0000 -1.0000       0.0664       0.2321    7.6609   0.0675   0.9180          0.2859         0.0025    230
1940      0.7637     0.2001      0.1687  0.5061  0.4930     0.3219  0.5045      426.5462 -1.0000   -1.0000 -1.0000 -1.0000       0.0682       0.2329    7.4846   0.0701   0.9165          0.3237         0.0024    260
1950      0.7702     0.2198      0.1753  0.5098  0.4961     0.3439  0.5069      473.5929 -0.6739   -0.5991 -0.4843 -0.6300       0.0701       0.2304    6.6206   0.0726   0.9117          0.3265         0.0055    253
1960      0.7900     0.3039      0.1578  0.5065  0.4966     0.2993  0.5011      423.7208 -0.7914   -0.7314 -0.6542 -0.7673       0.0717       0.2240    6.7400   0.0703   0.9163          0.2899         0.0123    523
1970      0.8216     0.3102      0.1471  0.5056  0.4970     0.2640  0.5022      355.3299 -0.8127   -0.7545 -0.7033 -0.8008       0.0735       0.2215    6.8392   0.0792   0.9171          0.2810         0.0023   1082
1980      0.8272     0.2755      0.1507  0.5009  0.4968     0.2633  0.4925      335.5654 -0.7689   -0.7008 -0.6314 -0.7510       0.0709       0.2231    7.3118   0.0819   0.9162          0.2779         0.0057   1629
1990      0.8231     0.2511      0.1506  0.5008  0.4973     0.2472  0.4970      330.1023 -0.7972   -0.7345 -0.6687 -0.7797       0.0648       0.2256    8.3277   0.0843   0.9163          0.2672         0.0024   1965
2000      0.8235     0.2403      0.1586  0.4951  0.4969     0.2482  0.4970      340.8988 -0.7715   -0.7121 -0.6201 -0.7523       0.0651       0.2269    8.3039   0.0875   0.9159          0.2651        -0.0005   4683
2010      0.8532     0.2749      0.1449  0.5064  0.4974     0.2128  0.4966      285.0705 -0.8327   -0.7856 -0.7256 -0.8194       0.0677       0.2244    8.2462   0.0875   0.9150          0.2391        -0.0006  11382
2020      0.8708     0.3136      0.1252  0.5094  0.4977     0.1829  0.4980      239.8690 -0.8936   -0.8560 -0.8297 -0.8866       0.0706       0.2212    8.1351   0.0948   0.9155          0.2217         0.0003  15765
wrote /Users/juanpabloduque/Documents/what-fear-looks-like/pipeline/data/attributes.csv (38337 rows)

$ /Users/juanpabloduque/miniforge3/bin/python3 -u faces_v2.py
pendientes: 4,655/38,337
  checkpoint +500 (34,182/38,337) 19/s
  checkpoint +500 (34,682/38,337) 9/s
  checkpoint +500 (35,182/38,337) 6/s
  checkpoint +500 (35,682/38,337) 5/s
  checkpoint +500 (36,182/38,337) 4/s
  checkpoint +500 (36,682/38,337) 4/s
  checkpoint +500 (37,182/38,337) 3/s
  checkpoint +500 (37,682/38,337) 3/s
  checkpoint +500 (38,182/38,337) 3/s
total: 38,337/38,337 | 2/s

=== YuNet POR DECADA ===
            n  mean_faces  pct_with_face  face_area
decade                                             
1890        7       0.714          0.571      0.009
1900       14       0.429          0.286      0.003
1910       59       1.085          0.695      0.025
1920      146       1.110          0.610      0.037
1930      230       1.448          0.657      0.062
1940      260       2.269          0.831      0.077
1950      253       1.399          0.704      0.042
1960      523       1.388          0.618      0.047
1970     1082       1.077          0.557      0.049
1980     1629       1.128          0.589      0.056
1990     1965       1.225          0.634      0.075
2000     4683       1.199          0.551      0.071
2010    11382       1.043          0.498      0.056
2020    15765       0.923          0.461      0.055
con face_boxes: 19,428/38,337

$ /Users/juanpabloduque/miniforge3/bin/python3 -u clip_embed.py
device: cpu
/Users/juanpabloduque/miniforge3/lib/python3.10/site-packages/open_clip/factory.py:388: UserWarning: These pretrained weights were trained with QuickGELU activation but the model config does not have that enabled. Consider using a model config with a "-quickgelu" suffix or enable with a flag.
  warnings.warn(
sembrando desde clip_embeddings.npz: 33,682 ya embebidos
pending embed: 4,655
  34,578/38,337 (15/s)
  35,858/38,337 (16/s)
  37,138/38,337 (17/s)
LISTO: 38,337 embeddings -> /Users/juanpabloduque/Documents/what-fear-looks-like/pipeline/data/clip_embeddings.npz

$ /Users/juanpabloduque/miniforge3/bin/python3 -u clip_medium.py
device: cpu
/Users/juanpabloduque/miniforge3/lib/python3.10/site-packages/open_clip/factory.py:388: UserWarning: These pretrained weights were trained with QuickGELU activation but the model config does not have that enabled. Consider using a model config with a "-quickgelu" suffix or enable with a flag.
  warnings.warn(
resumiendo medium: 33,682 done, 4,655 pending
  1280/4655
  2560/4655
  3840/4655

% ilustrado por lustro (5yr rolling):
year
1900     0.0
1905     0.0
1910     9.0
1915    39.8
1920    46.4
1925    51.5
1930    51.0
1935    54.7
1940    51.2
1945    68.2
1950    47.5
1955    69.2
1960    65.9
1965    56.5
1970    41.5
1975    39.7
1980    42.8
1985    39.4
1990    29.6
1995    20.1
2000    11.2
2005    11.1
2010    11.5
2015    14.4
2020    14.5
2025    12.4

CRUCE 50% (muerte del póster pintado): 1897
check Creepshow (1982): p_painted=0.48
check The Evil Dead (1981): p_painted=0.62
check Scream (1949): p_painted=0.92
check Hereditary (2018): p_painted=0.01

$ /Users/juanpabloduque/miniforge3/bin/python3 -u clip_census.py
/Users/juanpabloduque/miniforge3/lib/python3.10/site-packages/open_clip/factory.py:388: UserWarning: These pretrained weights were trained with QuickGELU activation but the model config does not have that enabled. Consider using a model config with a "-quickgelu" suffix or enable with a flag.
  warnings.warn(
=== TOP CRIATURA POR DECADA (excl. none/uncertain) ===
1890: ghost 28.6% · bird 14.3% · skeleton 14.3%
1900: ghost 28.6% · doll 7.1% · alien 0.0%
1910: witch 8.5% · ghost 3.4% · skeleton 3.4%
1920: ghost 4.8% · werewolf 2.7% · doll 2.1%
1930: doll 3.5% · werewolf 3.5% · skeleton 3.0%
1940: ghost 5.0% · werewolf 3.5% · skeleton 3.1%
1950: werewolf 5.1% · giant_monster 3.6% · skeleton 3.2%
1960: witch 3.8% · skeleton 3.6% · vampire 2.7%
1970: witch 5.4% · skeleton 3.9% · ghost 3.0%
1980: masked_killer 3.4% · skeleton 3.1% · witch 2.9%
1990: vampire 4.1% · witch 3.9% · masked_killer 3.6%
2000: zombie 6.0% · demon 4.2% · skeleton 3.5%
2010: zombie 4.8% · ghost 4.1% · demon 3.1%
2020: ghost 5.6% · masked_killer 2.4% · demon 2.4%

=== % con criatura / % con animal ===
        creature  animal
decade                  
1890       0.571   0.143
1900       0.357   0.000
1910       0.237   0.051
1920       0.185   0.014
1930       0.200   0.013
1940       0.242   0.027
1950       0.269   0.032
1960       0.237   0.013
1970       0.315   0.043
1980       0.250   0.015
1990       0.296   0.019
2000       0.310   0.018
2010       0.275   0.020
2020       0.245   0.024

$ /Users/juanpabloduque/miniforge3/bin/python3 -u clip_typography_axis.py
Warning: You are sending unauthenticated requests to the HF Hub. Please set a HF_TOKEN to enable higher rate limits and faster downloads.
WARNING:huggingface_hub.utils._http:Warning: You are sending unauthenticated requests to the HF Hub. Please set a HF_TOKEN to enable higher rate limits and faster downloads.
/Users/juanpabloduque/miniforge3/lib/python3.10/site-packages/open_clip/factory.py:388: UserWarning: These pretrained weights were trained with QuickGELU activation but the model config does not have that enabled. Consider using a model config with a "-quickgelu" suffix or enable with a flag.
  warnings.warn(
=== SHARE DE REGISTRO TIPOGRAFICO POR DECADA ===
dec         ornate  decorative    standard       clean     minimal      mean      n
1920         56.2%       25.3%        9.6%        4.8%        4.1%   +0.0166    146
1930         63.9%       18.3%        7.4%        7.4%        3.0%   +0.0183    230
1940         71.2%       15.4%        6.5%        5.0%        1.9%   +0.0200    260
1950         63.6%       19.4%        5.9%        6.3%        4.7%   +0.0168    253
1960         47.2%       18.9%       14.7%       11.1%        8.0%   +0.0120    523
1970         35.9%       23.9%       16.7%       12.4%       11.0%   +0.0099   1082
1980         40.0%       25.1%       17.4%       10.8%        6.8%   +0.0116   1629
1990         30.1%       25.6%       20.1%       14.9%        9.3%   +0.0085   1965
2000         21.8%       25.5%       22.6%       18.1%       12.0%   +0.0059   4683
2010         15.8%       20.3%       21.4%       22.0%       20.5%   +0.0025  11382
2020         14.7%       16.8%       19.6%       22.3%       26.6%   +0.0009  15765

Pearson(decada, mean_axis) = -0.948

$ /Users/juanpabloduque/miniforge3/bin/python3 -u segmentation.py
pending: 4,655 / 38,337
loading models (SegFormer-b0, Minc-Materials-23, CLIP ViT-B-32)...
Warning: You are sending unauthenticated requests to the HF Hub. Please set a HF_TOKEN to enable higher rate limits and faster downloads.
Loading weights:   0%|          | 0/208 [00:00<?, ?it/s]Loading weights: 100%|██████████| 208/208 [00:00<00:00, 8676.52it/s]
[transformers] Model config: bos_token_id must be `None` or an integer within the vocabulary (between 0 and 31999), got 49406. This may result in unexpected behavior.
[transformers] Model config: eos_token_id must be `None` or an integer within the vocabulary (between 0 and 31999), got 49407. This may result in unexpected behavior.
Loading weights:   0%|          | 0/210 [00:00<?, ?it/s]Loading weights: 100%|██████████| 210/210 [00:00<00:00, 4623.74it/s]
