reanalyze 34 ids from data/qa/tmdb_remap_high_reanalyze_ids.csv

=== DROP metric rows ===
  attributes.csv: -34 (37,831 → 37,797)
  attributes_partial.csv: -34 (37,831 → 37,797)
  faces_v2.csv: -34 (37,831 → 37,797)
  faces_v2_partial.csv: -34 (37,831 → 37,797)
  census.csv: -34 (37,831 → 37,797)
  typography.csv: -34 (37,831 → 37,797)
  medium.csv: -34 (37,831 → 37,797)
  segmentation.csv: -34 (37,831 → 37,797)
  segmentation_partial.csv: -34 (37,831 → 37,797)
  clip_embeddings.npz: -34 (37,831 → 37,797)

=== RECOLOR posters.csv ===
  recolor 34 posters.csv rows
    color 34/34 ok=34 fail=0
  writing posters.csv (34 refreshed)...
  posters.csv color refreshed for 34 (fail=0)

$ /Users/juanpabloduque/miniforge3/bin/python3 -u multi_analyze.py
pending: 34 / 37,831
checkpoint covers 37,831/37,831

=== BY DECADE ===
        symmetry  neg_space  complexity  mass_y  mass_x  text_area  text_y  text_regions  text_x  text_top  text_w  text_h  align_score  thirds_dist  n_blocks  balance  harmony  diagonal_score  pyramid_shift      n
decade                                                                                                                                                                                                                
1890      0.8276     0.2853      0.1591  0.4895  0.4767     0.1542  0.4527      202.4286     NaN       NaN     NaN     NaN       0.0560       0.2209    9.4286   0.0961   0.8827          0.2020         0.0116      7
1900      0.8680     0.3709      0.1210  0.4536  0.4813     0.1763  0.4265      252.3077     NaN       NaN     NaN     NaN       0.0604       0.2186    9.4615   0.0986   0.9382          0.1814        -0.1231     13
1910      0.8195     0.2103      0.1800  0.5058  0.4980     0.2929  0.5030      442.9455     NaN       NaN     NaN     NaN       0.0538       0.2303    8.3636   0.0709   0.9074          0.2314         0.0051     55
1920      0.8045     0.2347      0.1597  0.5051  0.4964     0.2664  0.5005      388.3767 -1.0000   -1.0000 -1.0000 -1.0000       0.0686       0.2279    7.8082   0.0784   0.9185          0.2706         0.0153    146
1930      0.7925     0.2196      0.1647  0.5013  0.4965     0.3134  0.4988      429.9561 -1.0000   -1.0000 -1.0000 -1.0000       0.0670       0.2321    7.6667   0.0676   0.9182          0.2864         0.0022    228
1940      0.7634     0.2008      0.1688  0.5060  0.4930     0.3227  0.5041      427.7838 -1.0000   -1.0000 -1.0000 -1.0000       0.0682       0.2328    7.4788   0.0701   0.9165          0.3234         0.0027    259
1950      0.7681     0.2180      0.1762  0.5085  0.4961     0.3512  0.5049      485.1423 -0.6739   -0.5991 -0.4843 -0.6300       0.0699       0.2303    6.6098   0.0716   0.9117          0.3260         0.0060    246
1960      0.7896     0.3038      0.1583  0.5061  0.4966     0.3026  0.5003      428.3379 -0.7904   -0.7301 -0.6524 -0.7661       0.0716       0.2241    6.7146   0.0702   0.9161          0.2911         0.0128    515
1970      0.8222     0.3118      0.1475  0.5058  0.4966     0.2671  0.5029      360.6211 -0.8123   -0.7540 -0.7027 -0.8004       0.0730       0.2216    6.8454   0.0790   0.9170          0.2806         0.0026   1061
1980      0.8277     0.2772      0.1504  0.5017  0.4970     0.2644  0.4930      336.7935 -0.7631   -0.6932 -0.6221 -0.7446       0.0708       0.2228    7.3142   0.0817   0.9163          0.2783         0.0059   1588
1990      0.8236     0.2507      0.1508  0.5008  0.4974     0.2490  0.4973      333.1339 -0.7951   -0.7318 -0.6653 -0.7774       0.0646       0.2256    8.3376   0.0842   0.9162          0.2664         0.0025   1934
2000      0.8232     0.2391      0.1590  0.4948  0.4969     0.2505  0.4975      344.7123 -0.7703   -0.7108 -0.6184 -0.7511       0.0649       0.2270    8.3302   0.0875   0.9158          0.2660        -0.0010   4609
2010      0.8534     0.2743      0.1452  0.5065  0.4974     0.2149  0.4978      288.5677 -0.8321   -0.7848 -0.7247 -0.8188       0.0672       0.2244    8.2827   0.0874   0.9150          0.2394        -0.0010  11197
2020      0.8708     0.3133      0.1252  0.5097  0.4978     0.1833  0.4984      240.5953 -0.8909   -0.8523 -0.8254 -0.8837       0.0704       0.2212    8.1534   0.0948   0.9155          0.2219         0.0003  15641
wrote /Users/juanpabloduque/Documents/what-fear-looks-like/pipeline/data/attributes.csv (37831 rows)

$ /Users/juanpabloduque/miniforge3/bin/python3 -u faces_v2.py
pendientes: 34/37,831
total: 37,831/37,831 | 23/s

=== YuNet POR DECADA ===
            n  mean_faces  pct_with_face  face_area
decade                                             
1890        7       0.714          0.571      0.009
1900       13       0.462          0.308      0.003
1910       55       1.109          0.727      0.027
1920      146       1.110          0.610      0.037
1930      228       1.456          0.658      0.063
1940      259       2.259          0.830      0.077
1950      246       1.415          0.703      0.043
1960      515       1.400          0.621      0.046
1970     1061       1.092          0.562      0.050
1980     1588       1.132          0.589      0.055
1990     1934       1.227          0.632      0.075
2000     4609       1.205          0.550      0.071
2010    11197       1.047          0.497      0.056
2020    15641       0.923          0.460      0.055
con face_boxes: 19,156/37,831

$ /Users/juanpabloduque/miniforge3/bin/python3 -u clip_embed.py
device: cpu
Warning: You are sending unauthenticated requests to the HF Hub. Please set a HF_TOKEN to enable higher rate limits and faster downloads.
WARNING:huggingface_hub.utils._http:Warning: You are sending unauthenticated requests to the HF Hub. Please set a HF_TOKEN to enable higher rate limits and faster downloads.
/Users/juanpabloduque/miniforge3/lib/python3.10/site-packages/open_clip/factory.py:388: UserWarning: These pretrained weights were trained with QuickGELU activation but the model config does not have that enabled. Consider using a model config with a "-quickgelu" suffix or enable with a flag.
  warnings.warn(
sembrando desde clip_embeddings.npz: 37,797 ya embebidos
pending embed: 34
LISTO: 37,831 embeddings -> /Users/juanpabloduque/Documents/what-fear-looks-like/pipeline/data/clip_embeddings.npz

$ /Users/juanpabloduque/miniforge3/bin/python3 -u clip_medium.py
device: cpu
/Users/juanpabloduque/miniforge3/lib/python3.10/site-packages/open_clip/factory.py:388: UserWarning: These pretrained weights were trained with QuickGELU activation but the model config does not have that enabled. Consider using a model config with a "-quickgelu" suffix or enable with a flag.
  warnings.warn(
resumiendo medium: 37,797 done, 34 pending

% ilustrado por lustro (5yr rolling):
year
1900     0.0
1905     0.0
1910    15.0
1915    39.8
1920    46.4
1925    51.5
1930    50.2
1935    54.5
1940    50.4
1945    68.2
1950    48.8
1955    72.7
1960    66.5
1965    57.7
1970    42.2
1975    40.5
1980    43.8
1985    40.5
1990    29.8
1995    20.2
2000    11.2
2005    11.1
2010    11.7
2015    14.6
2020    14.5
2025    12.4

CRUCE 50% (muerte del póster pintado): 1897
check Creepshow (1982): p_painted=0.48
check The Evil Dead (1981): p_painted=0.62
check Scream (1949): p_painted=0.92
check Hereditary (2018): p_painted=0.01

$ /Users/juanpabloduque/miniforge3/bin/python3 -u clip_census.py
Warning: You are sending unauthenticated requests to the HF Hub. Please set a HF_TOKEN to enable higher rate limits and faster downloads.
WARNING:huggingface_hub.utils._http:Warning: You are sending unauthenticated requests to the HF Hub. Please set a HF_TOKEN to enable higher rate limits and faster downloads.
/Users/juanpabloduque/miniforge3/lib/python3.10/site-packages/open_clip/factory.py:388: UserWarning: These pretrained weights were trained with QuickGELU activation but the model config does not have that enabled. Consider using a model config with a "-quickgelu" suffix or enable with a flag.
  warnings.warn(
=== TOP CRIATURA POR DECADA (excl. none/uncertain) ===
1890: ghost 28.6% · bird 14.3% · skeleton 14.3%
1900: ghost 30.8% · doll 7.7% · alien 0.0%
1910: witch 9.1% · ghost 3.6% · skeleton 3.6%
1920: ghost 4.8% · werewolf 2.7% · doll 2.1%
1930: doll 3.5% · werewolf 3.5% · skeleton 3.1%
1940: ghost 5.0% · werewolf 3.5% · skeleton 3.1%
1950: werewolf 5.3% · giant_monster 3.7% · skeleton 3.2%
1960: skeleton 3.7% · witch 3.7% · vampire 2.7%
1970: witch 5.5% · skeleton 4.0% · demon 2.9%
1980: masked_killer 3.3% · skeleton 3.2% · witch 3.0%
1990: vampire 4.0% · witch 3.8% · masked_killer 3.5%
2000: zombie 6.0% · demon 4.3% · skeleton 3.5%
2010: zombie 4.8% · ghost 4.1% · demon 3.1%
2020: ghost 5.6% · masked_killer 2.4% · demon 2.4%

=== % con criatura / % con animal ===
        creature  animal
decade                  
1890       0.571   0.143
1900       0.385   0.000
1910       0.236   0.055
1920       0.185   0.014
1930       0.193   0.013
1940       0.243   0.027
1950       0.276   0.033
1960       0.237   0.014
1970       0.316   0.042
1980       0.254   0.014
1990       0.295   0.018
2000       0.311   0.018
2010       0.277   0.020
2020       0.245   0.024

$ /Users/juanpabloduque/miniforge3/bin/python3 -u clip_typography_axis.py
Warning: You are sending unauthenticated requests to the HF Hub. Please set a HF_TOKEN to enable higher rate limits and faster downloads.
WARNING:huggingface_hub.utils._http:Warning: You are sending unauthenticated requests to the HF Hub. Please set a HF_TOKEN to enable higher rate limits and faster downloads.
/Users/juanpabloduque/miniforge3/lib/python3.10/site-packages/open_clip/factory.py:388: UserWarning: These pretrained weights were trained with QuickGELU activation but the model config does not have that enabled. Consider using a model config with a "-quickgelu" suffix or enable with a flag.
  warnings.warn(
=== SHARE DE REGISTRO TIPOGRAFICO POR DECADA ===
dec         ornate  decorative    standard       clean     minimal      mean      n
1920         56.2%       25.3%        9.6%        4.8%        4.1%   +0.0166    146
1930         62.7%       18.9%        7.5%        7.9%        3.1%   +0.0181    228
1940         71.0%       15.4%        6.6%        5.0%        1.9%   +0.0200    259
1950         64.6%       18.3%        6.1%        6.1%        4.9%   +0.0170    246
1960         47.4%       19.2%       14.6%       10.9%        8.0%   +0.0121    515
1970         36.3%       23.4%       16.7%       12.4%       11.2%   +0.0100   1061
1980         40.7%       24.5%       17.0%       11.0%        6.9%   +0.0117   1588
1990         30.0%       25.8%       19.9%       15.0%        9.4%   +0.0085   1934
2000         21.9%       25.7%       22.5%       17.9%       11.9%   +0.0060   4609
2010         15.8%       20.4%       21.4%       21.9%       20.4%   +0.0026  11197
2020         14.6%       16.8%       19.6%       22.4%       26.6%   +0.0009  15641

Pearson(decada, mean_axis) = -0.946

$ /Users/juanpabloduque/miniforge3/bin/python3 -u segmentation.py
pending: 34 / 37,831
loading models (SegFormer-b0, Minc-Materials-23, CLIP ViT-B-32)...
Warning: You are sending unauthenticated requests to the HF Hub. Please set a HF_TOKEN to enable higher rate limits and faster downloads.
Loading weights:   0%|          | 0/208 [00:00<?, ?it/s]Loading weights: 100%|██████████| 208/208 [00:00<00:00, 5727.22it/s]
[transformers] Model config: bos_token_id must be `None` or an integer within the vocabulary (between 0 and 31999), got 49406. This may result in unexpected behavior.
[transformers] Model config: eos_token_id must be `None` or an integer within the vocabulary (between 0 and 31999), got 49407. This may result in unexpected behavior.
Loading weights:   0%|          | 0/210 [00:00<?, ?it/s]Loading weights: 100%|██████████| 210/210 [00:00<00:00, 2242.28it/s]
  16/34 | 0.13/s
  32/34 | 0.17/s
  34/34 | 0.18/s

batch: 34 | total: 37,831/37,831 | 0.18/s

=== TOP 5 CLASES POR DECADA (de lo procesado hasta ahora) ===
1890: ade_wall 50.9% · clip_bone_skull 28.6% · clip_snow 28.6% · minc_stone 25.0% · ade_person 21.2%
1900: ade_wall 49.8% · minc_wallpaper 25.0% · clip_bone_skull 25.0% · clip_smoke_fog 19.2% · clip_shadow 19.2%
1910: ade_wall 39.8% · minc_wallpaper 26.4% · clip_bone_skull 26.4% · clip_weapon 21.8% · minc_plastic 14.5%
1920: ade_wall 35.7% · clip_bone_skull 22.8% · minc_wallpaper 21.9% · clip_shadow 19.2% · clip_weapon 15.6%
1930: ade_wall 37.5% · minc_plastic 23.5% · clip_shadow 21.4% · ade_person 19.8% · minc_wallpaper 19.6%
1940: ade_wall 31.5% · ade_person 28.8% · minc_plastic 28.4% · clip_shadow 18.7% · clip_weapon 18.4%
1950: ade_wall 32.8% · minc_plastic 28.9% · clip_weapon 21.0% · ade_person 18.6% · clip_water 13.3%
1960: ade_wall 32.7% · minc_plastic 25.5% · clip_weapon 24.3% · minc_wallpaper 16.0% · clip_shadow 15.2%
1970: ade_wall 32.8% · minc_plastic 27.0% · clip_blood 19.8% · clip_weapon 19.4% · ade_person 16.6%
1980: minc_plastic 33.0% · ade_wall 30.2% · ade_person 21.3% · clip_weapon 19.8% · clip_blood 17.5%
1990: minc_plastic 31.8% · ade_wall 31.2% · ade_person 24.2% · clip_blood 22.2% · minc_hair 16.1%
2000: ade_wall 31.6% · clip_blood 26.4% · minc_plastic 24.5% · ade_person 21.6% · minc_hair 16.0%
2010: ade_wall 34.2% · clip_blood 25.0% · minc_plastic 24.5% · ade_person 18.6% · clip_weapon 15.8%
2020: ade_wall 33.5% · minc_plastic 26.4% · clip_blood 22.3% · ade_person 18.0% · clip_shadow 14.8%

=== EXPORT site series / lookup / explorer ===

$ /Users/juanpabloduque/miniforge3/bin/python3 -c from export_site_series import export; export()
escrito site/data/series.js (n=37,831, seg_n=37,831)

$ /Users/juanpabloduque/miniforge3/bin/python3 build_lookup.py
Wrote /Users/juanpabloduque/Documents/what-fear-looks-like/site/data/lookup.js (37831 posters, 31.6 MB)

$ /Users/juanpabloduque/miniforge3/bin/python3 -c from build_explorer import main; main()
escrito site/data/explorer.js (37,831 posters, 36,355 con poster_path)

LISTO.
