2026-08-03 09:50:30 backup loop start interval=300s dest=s3://sagemaker-studio-a5572760/wflike-backup/20260803
2026-08-03 09:50:30 backup nova_ok=9185 textract_rows=61112 → s3://sagemaker-studio-a5572760/wflike-backup/20260803
2026-08-03 09:59:24 backup nova_ok=10326 textract_rows=88196 → s3://sagemaker-studio-a5572760/wflike-backup/20260803
2026-08-03 10:05:35 backup nova_ok=11550 textract_rows=114153 → s3://sagemaker-studio-a5572760/wflike-backup/20260803
2026-08-03 10:11:31 backup nova_ok=12748 textract_rows=137735 → s3://sagemaker-studio-a5572760/wflike-backup/20260803
2026-08-03 10:17:36 backup nova_ok=13867 textract_rows=161348 → s3://sagemaker-studio-a5572760/wflike-backup/20260803
2026-08-03 10:23:44 backup nova_ok=15150 textract_rows=185536 → s3://sagemaker-studio-a5572760/wflike-backup/20260803
2026-08-03 10:29:49 backup nova_ok=16209 textract_rows=192085 → s3://sagemaker-studio-a5572760/wflike-backup/20260803
2026-08-03 10:35:56 backup nova_ok=17448 textract_rows=192085 → s3://sagemaker-studio-a5572760/wflike-backup/20260803
2026-08-03 10:42:04 backup nova_ok=18584 textract_rows=192085 → s3://sagemaker-studio-a5572760/wflike-backup/20260803
2026-08-03 10:48:19 backup nova_ok=19720 textract_rows=192085 → s3://sagemaker-studio-a5572760/wflike-backup/20260803
2026-08-03 10:54:17 backup nova_ok=21024 textract_rows=192085 → s3://sagemaker-studio-a5572760/wflike-backup/20260803
2026-08-03 11:00:25 backup nova_ok=22115 textract_rows=192085 → s3://sagemaker-studio-a5572760/wflike-backup/20260803
2026-08-03 11:06:37 backup nova_ok=23169 textract_rows=192085 → s3://sagemaker-studio-a5572760/wflike-backup/20260803
2026-08-03 11:13:01 backup nova_ok=24246 textract_rows=192085 → s3://sagemaker-studio-a5572760/wflike-backup/20260803
2026-08-03 11:19:29 backup nova_ok=24887 textract_rows=192085 → s3://sagemaker-studio-a5572760/wflike-backup/20260803
2026-08-03 11:26:19 backup nova_ok=25941 textract_rows=192085 → s3://sagemaker-studio-a5572760/wflike-backup/20260803
2026-08-03 11:32:55 backup nova_ok=27021 textract_rows=192085 → s3://sagemaker-studio-a5572760/wflike-backup/20260803
2026-08-03 11:39:56 backup nova_ok=28429 textract_rows=192085 → s3://sagemaker-studio-a5572760/wflike-backup/20260803
2026-08-03 11:48:07 backup nova_ok=29737 textract_rows=192085 → s3://sagemaker-studio-a5572760/wflike-backup/20260803
2026-08-03 11:56:05 backup nova_ok=31178 textract_rows=192085 → s3://sagemaker-studio-a5572760/wflike-backup/20260803
2026-08-03 12:04:39 backup nova_ok=32665 textract_rows=192085 → s3://sagemaker-studio-a5572760/wflike-backup/20260803
2026-08-03 12:13:05 backup nova_ok=34049 textract_rows=192085 → s3://sagemaker-studio-a5572760/wflike-backup/20260803
2026-08-03 12:21:41 backup nova_ok=35711 textract_rows=192085 → s3://sagemaker-studio-a5572760/wflike-backup/20260803
2026-08-03 12:30:36 backup nova_ok=37126 textract_rows=192085 → s3://sagemaker-studio-a5572760/wflike-backup/20260803
2026-08-03 12:38:48 backup nova_ok=37400 textract_rows=192085 → s3://sagemaker-studio-a5572760/wflike-backup/20260803
2026-08-03 12:50:27 backup nova_ok=37550 textract_rows=192085 → s3://sagemaker-studio-a5572760/wflike-backup/20260803
2026-08-03 13:00:26 backup nova_ok=37616 textract_rows=192085 → s3://sagemaker-studio-a5572760/wflike-backup/20260803
2026-08-03 13:10:12 backup nova_ok=37697 textract_rows=192085 → s3://sagemaker-studio-a5572760/wflike-backup/20260803
2026-08-03 13:18:09 backup nova_ok=37760 textract_rows=192085 → s3://sagemaker-studio-a5572760/wflike-backup/20260803
2026-08-03 13:26:33 backup nova_ok=37762 textract_rows=192085 → s3://sagemaker-studio-a5572760/wflike-backup/20260803
2026-08-03 13:36:30 backup nova_ok=37762 textract_rows=192085 → s3://sagemaker-studio-a5572760/wflike-backup/20260803
2026-08-03 13:42:26 backup nova_ok=37762 textract_rows=192085 → s3://sagemaker-studio-a5572760/wflike-backup/20260803
2026-08-03 13:48:29 backup nova_ok=37829 textract_rows=192085 → s3://sagemaker-studio-a5572760/wflike-backup/20260803
2026-08-03 13:55:08 backup nova_ok=37829 textract_rows=192085 → s3://sagemaker-studio-a5572760/wflike-backup/20260803
2026-08-03 14:01:49 backup nova_ok=37829 textract_rows=192085 → s3://sagemaker-studio-a5572760/wflike-backup/20260803
2026-08-03 14:07:42 backup nova_ok=37829 textract_rows=192085 → s3://sagemaker-studio-a5572760/wflike-backup/20260803
2026-08-03 14:13:55 backup nova_ok=37829 textract_rows=192085 → s3://sagemaker-studio-a5572760/wflike-backup/20260803
2026-08-03 14:19:57 backup nova_ok=37829 textract_rows=192085 → s3://sagemaker-studio-a5572760/wflike-backup/20260803
2026-08-03 14:27:48 backup nova_ok=37829 textract_rows=192085 → s3://sagemaker-studio-a5572760/wflike-backup/20260803
2026-08-03 14:34:10 backup nova_ok=37829 textract_rows=192085 → s3://sagemaker-studio-a5572760/wflike-backup/20260803
2026-08-03 14:40:38 backup nova_ok=37829 textract_rows=192085 → s3://sagemaker-studio-a5572760/wflike-backup/20260803
2026-08-03 14:47:27 backup nova_ok=37829 textract_rows=192085 → s3://sagemaker-studio-a5572760/wflike-backup/20260803
2026-08-03 14:53:42 backup nova_ok=37829 textract_rows=192085 → s3://sagemaker-studio-a5572760/wflike-backup/20260803
2026-08-03 14:59:48 backup nova_ok=37829 textract_rows=192085 → s3://sagemaker-studio-a5572760/wflike-backup/20260803
2026-08-03 15:05:47 backup nova_ok=37829 textract_rows=192085 → s3://sagemaker-studio-a5572760/wflike-backup/20260803
2026-08-03 15:12:07 backup nova_ok=37829 textract_rows=192085 → s3://sagemaker-studio-a5572760/wflike-backup/20260803
2026-08-03 15:17:59 backup nova_ok=37829 textract_rows=192085 → s3://sagemaker-studio-a5572760/wflike-backup/20260803
2026-08-03 15:24:09 backup nova_ok=37829 textract_rows=192085 → s3://sagemaker-studio-a5572760/wflike-backup/20260803
2026-08-03 15:30:24 backup nova_ok=37829 textract_rows=192085 → s3://sagemaker-studio-a5572760/wflike-backup/20260803
2026-08-03 15:36:31 backup nova_ok=37829 textract_rows=192085 → s3://sagemaker-studio-a5572760/wflike-backup/20260803
2026-08-03 15:42:29 backup nova_ok=37829 textract_rows=192085 → s3://sagemaker-studio-a5572760/wflike-backup/20260803
2026-08-03 15:48:32 backup nova_ok=37829 textract_rows=192085 → s3://sagemaker-studio-a5572760/wflike-backup/20260803
2026-08-03 15:54:44 backup nova_ok=37829 textract_rows=192085 → s3://sagemaker-studio-a5572760/wflike-backup/20260803
2026-08-03 16:00:54 backup nova_ok=37829 textract_rows=192085 → s3://sagemaker-studio-a5572760/wflike-backup/20260803
2026-08-03 16:07:17 backup nova_ok=37829 textract_rows=192085 → s3://sagemaker-studio-a5572760/wflike-backup/20260803
2026-08-03 16:14:04 backup nova_ok=37829 textract_rows=192085 → s3://sagemaker-studio-a5572760/wflike-backup/20260803
2026-08-03 16:20:28 backup nova_ok=37829 textract_rows=192085 → s3://sagemaker-studio-a5572760/wflike-backup/20260803
2026-08-03 16:26:35 backup nova_ok=37829 textract_rows=192085 → s3://sagemaker-studio-a5572760/wflike-backup/20260803
2026-08-03 16:32:42 backup nova_ok=37829 textract_rows=192085 → s3://sagemaker-studio-a5572760/wflike-backup/20260803
2026-08-03 16:38:49 backup nova_ok=37829 textract_rows=192085 → s3://sagemaker-studio-a5572760/wflike-backup/20260803
2026-08-03 16:45:22 backup nova_ok=37829 textract_rows=192085 → s3://sagemaker-studio-a5572760/wflike-backup/20260803
2026-08-03 16:52:22 backup nova_ok=37829 textract_rows=192085 → s3://sagemaker-studio-a5572760/wflike-backup/20260803
2026-08-03 16:58:35 backup nova_ok=37829 textract_rows=192085 → s3://sagemaker-studio-a5572760/wflike-backup/20260803
2026-08-03 17:04:37 backup nova_ok=37829 textract_rows=192085 → s3://sagemaker-studio-a5572760/wflike-backup/20260803
2026-08-03 17:10:46 backup nova_ok=37829 textract_rows=192085 → s3://sagemaker-studio-a5572760/wflike-backup/20260803
2026-08-03 17:16:48 backup nova_ok=37829 textract_rows=192085 → s3://sagemaker-studio-a5572760/wflike-backup/20260803
2026-08-03 17:22:42 backup nova_ok=37829 textract_rows=192085 → s3://sagemaker-studio-a5572760/wflike-backup/20260803
2026-08-03 17:32:34 backup loop start interval=300s dest=s3://sagemaker-studio-a5572760/wflike-backup/20260803
2026-08-03 17:32:34 backup loop start interval=300s dest=s3://sagemaker-studio-a5572760/wflike-backup/20260803
2026-08-03 17:28:38 backup nova_ok=37829 textract_rows=192085 → s3://sagemaker-studio-a5572760/wflike-backup/20260803
BACKUP_EXTENDED_START Mon Aug  3 17:38:28 -05 2026
2026-08-03 17:38:28 backup loop start interval=300s dest=s3://sagemaker-studio-a5572760/wflike-backup/20260803
2026-08-03 17:38:28 backup loop start interval=300s dest=s3://sagemaker-studio-a5572760/wflike-backup/20260803
2026-08-03 17:32:34 backup nova_ok=37829 textract_rows=192085 → s3://sagemaker-studio-a5572760/wflike-backup/20260803
2026-08-03 17:32:34 backup nova_ok=37829 textract_rows=192085 → s3://sagemaker-studio-a5572760/wflike-backup/20260803
2026-08-03 17:39:17 backup once done
2026-08-03 17:39:17 backup once done
2026-08-03 17:37:44 backup nova_ok=37829 textract_rows=192085 → s3://sagemaker-studio-a5572760/wflike-backup/20260803
2026-08-03 17:38:28 backup nova_ok=37829 textract_rows=192085 → s3://sagemaker-studio-a5572760/wflike-backup/20260803
2026-08-03 17:38:28 backup nova_ok=37829 textract_rows=192085 → s3://sagemaker-studio-a5572760/wflike-backup/20260803
2026-08-03 17:47:35 backup once done
2026-08-03 17:47:35 backup once done
BACKUP_EXTENDED_END exit=0 Mon Aug  3 17:47:35 -05 2026
2026-08-03 17:45:14 backup nova_ok=37829 textract_rows=192085 → s3://sagemaker-studio-a5572760/wflike-backup/20260803
POST_DRIFT_BACKUP_DONE Mon Aug  3 17:53:56 -05 2026
2026-08-03 17:53:30 backup nova_ok=37829 textract_rows=192085 → s3://sagemaker-studio-a5572760/wflike-backup/20260803
2026-08-03 18:02:38 backup nova_ok=37829 textract_rows=192085 → s3://sagemaker-studio-a5572760/wflike-backup/20260803
2026-08-03 18:11:38 backup nova_ok=37829 textract_rows=192085 → s3://sagemaker-studio-a5572760/wflike-backup/20260803
2026-08-03 18:20:26 backup nova_ok=37829 textract_rows=192085 → s3://sagemaker-studio-a5572760/wflike-backup/20260803
2026-08-03 18:31:15 backup nova_ok=37829 textract_rows=192085 → s3://sagemaker-studio-a5572760/wflike-backup/20260803
2026-08-03 18:45:36 backup nova_ok=37829 textract_rows=192085 → s3://sagemaker-studio-a5572760/wflike-backup/20260803
2026-08-03 19:02:48 backup nova_ok=37829 textract_rows=192085 → s3://sagemaker-studio-a5572760/wflike-backup/20260803
2026-08-03 19:12:02 backup nova_ok=37829 textract_rows=192085 → s3://sagemaker-studio-a5572760/wflike-backup/20260803
2026-08-03 19:24:14 backup nova_ok=37829 textract_rows=192085 → s3://sagemaker-studio-a5572760/wflike-backup/20260803
2026-08-03 19:31:54 backup nova_ok=37829 textract_rows=192085 → s3://sagemaker-studio-a5572760/wflike-backup/20260803
2026-08-03 19:38:01 backup nova_ok=37829 textract_rows=192085 → s3://sagemaker-studio-a5572760/wflike-backup/20260803
2026-08-03 19:44:01 backup nova_ok=37829 textract_rows=192085 → s3://sagemaker-studio-a5572760/wflike-backup/20260803
2026-08-03 19:50:53 backup nova_ok=37829 textract_rows=192085 → s3://sagemaker-studio-a5572760/wflike-backup/20260803
2026-08-03 19:57:15 backup nova_ok=37829 textract_rows=192085 → s3://sagemaker-studio-a5572760/wflike-backup/20260803
2026-08-03 20:03:31 backup nova_ok=37829 textract_rows=192085 → s3://sagemaker-studio-a5572760/wflike-backup/20260803
2026-08-03 20:09:33 backup nova_ok=37829 textract_rows=192085 → s3://sagemaker-studio-a5572760/wflike-backup/20260803
2026-08-03 20:15:32 backup nova_ok=37829 textract_rows=192085 → s3://sagemaker-studio-a5572760/wflike-backup/20260803
2026-08-03 20:21:54 backup nova_ok=37829 textract_rows=192085 → s3://sagemaker-studio-a5572760/wflike-backup/20260803
2026-08-03 20:28:15 backup nova_ok=37829 textract_rows=192085 → s3://sagemaker-studio-a5572760/wflike-backup/20260803
2026-08-03 20:35:21 backup nova_ok=37829 textract_rows=192085 → s3://sagemaker-studio-a5572760/wflike-backup/20260803
2026-08-03 20:42:26 backup nova_ok=37829 textract_rows=192085 → s3://sagemaker-studio-a5572760/wflike-backup/20260803
2026-08-03 20:49:21 backup nova_ok=37829 textract_rows=192085 → s3://sagemaker-studio-a5572760/wflike-backup/20260803
2026-08-03 20:56:21 backup nova_ok=37829 textract_rows=192085 → s3://sagemaker-studio-a5572760/wflike-backup/20260803
2026-08-03 21:04:20 backup nova_ok=37829 textract_rows=192085 → s3://sagemaker-studio-a5572760/wflike-backup/20260803
2026-08-03 21:10:43 backup nova_ok=37829 textract_rows=192085 → s3://sagemaker-studio-a5572760/wflike-backup/20260803
2026-08-03 21:17:01 backup nova_ok=37829 textract_rows=192085 → s3://sagemaker-studio-a5572760/wflike-backup/20260803
2026-08-03 21:22:19 backup nova_ok=37829 textract_rows=192085 → s3://sagemaker-studio-a5572760/wflike-backup/20260803
2026-08-03 21:27:51 backup nova_ok=37829 textract_rows=192085 → s3://sagemaker-studio-a5572760/wflike-backup/20260803
2026-08-03 21:33:08 backup nova_ok=37829 textract_rows=192085 → s3://sagemaker-studio-a5572760/wflike-backup/20260803
2026-08-03 21:40:14 backup nova_ok=37829 textract_rows=192085 → s3://sagemaker-studio-a5572760/wflike-backup/20260803
2026-08-03 21:48:07 backup nova_ok=37829 textract_rows=192085 → s3://sagemaker-studio-a5572760/wflike-backup/20260803
2026-08-03 22:01:46 backup nova_ok=37829 textract_rows=192085 → s3://sagemaker-studio-a5572760/wflike-backup/20260803
2026-08-03 22:16:51 backup nova_ok=37829 textract_rows=192085 → s3://sagemaker-studio-a5572760/wflike-backup/20260803
2026-08-03 22:32:12 backup nova_ok=37829 textract_rows=192085 → s3://sagemaker-studio-a5572760/wflike-backup/20260803
2026-08-03 22:38:07 backup nova_ok=37829 textract_rows=192085 → s3://sagemaker-studio-a5572760/wflike-backup/20260803
2026-08-03 22:43:43 backup nova_ok=37829 textract_rows=192085 → s3://sagemaker-studio-a5572760/wflike-backup/20260803
2026-08-03 22:49:04 backup nova_ok=37829 textract_rows=192085 → s3://sagemaker-studio-a5572760/wflike-backup/20260803
2026-08-03 22:54:35 backup nova_ok=37829 textract_rows=192085 → s3://sagemaker-studio-a5572760/wflike-backup/20260803
2026-08-03 23:00:07 backup nova_ok=37829 textract_rows=192085 → s3://sagemaker-studio-a5572760/wflike-backup/20260803
2026-08-03 23:05:34 backup nova_ok=37829 textract_rows=192085 → s3://sagemaker-studio-a5572760/wflike-backup/20260803
2026-08-03 23:11:03 backup nova_ok=37829 textract_rows=192085 → s3://sagemaker-studio-a5572760/wflike-backup/20260803
2026-08-03 23:16:30 backup nova_ok=37829 textract_rows=192085 → s3://sagemaker-studio-a5572760/wflike-backup/20260803
2026-08-03 23:22:01 backup nova_ok=37829 textract_rows=192085 → s3://sagemaker-studio-a5572760/wflike-backup/20260803
2026-08-03 23:58:18 backup nova_ok=37829 textract_rows=192085 → s3://sagemaker-studio-a5572760/wflike-backup/20260803
2026-08-04 05:00:12 backup nova_ok=37829 textract_rows=192085 → s3://sagemaker-studio-a5572760/wflike-backup/20260803
