=== multi_poster_gap_chain start Wed Aug  5 20:02:57 UTC 2026 ===
{
    "UserId": "AROAYIJ24UMDFGSQJEH54:i-0794c5b3a5e83da84",
    "Account": "567596065542",
    "Arn": "arn:aws:sts::567596065542:assumed-role/wflike-ec2-role/i-0794c5b3a5e83da84"
}
TMDB_API_KEY present (len=32)
{"ts": "2026-08-05T20:02:58Z", "phase": "boot", "n_todo_seed": 29204, "catalog_ids": 0, "canonical_ids": 0, "cluster_rows": 0, "embed_keys": 0, "posters_multi_dirs": 0, "ocr_score_rows": 0, "ocr_swaps_proposed": 0}
--- apt/pip ---
Hit:1 http://us-east-1.ec2.archive.ubuntu.com/ubuntu noble InRelease
Hit:2 http://us-east-1.ec2.archive.ubuntu.com/ubuntu noble-updates InRelease
Hit:3 http://us-east-1.ec2.archive.ubuntu.com/ubuntu noble-backports InRelease
Hit:4 http://security.ubuntu.com/ubuntu noble-security InRelease
Reading package lists...
Reading package lists...
Building dependency tree...
Reading state information...
python3-pip is already the newest version (24.0+dfsg-1ubuntu1.3).
python3-venv is already the newest version (3.12.3-0ubuntu2.1).
curl is already the newest version (8.5.0-2ubuntu10.11).
ca-certificates is already the newest version (20260601~24.04.1).
unzip is already the newest version (6.0-28ubuntu4.1).
0 upgraded, 0 newly installed, 0 to remove and 35 not upgraded.
--- seed / resume from results if present ---
--- discover (ids-file=/home/ubuntu/aof/pipeline/data/qa/multi_poster_gap/todo_ids.txt) ---
discover todo: 29,204 / 29,204
resume: 35,998 ids already in catalog
  discover 50/29204 (14.9/s) catalog=101,055
  discover 100/29204 (15.8/s) catalog=101,464
  discover 150/29204 (15.2/s) catalog=101,855
  discover 200/29204 (14.7/s) catalog=102,223
  discover 250/29204 (14.7/s) catalog=102,525
  discover 300/29204 (14.7/s) catalog=102,886
  discover 350/29204 (14.7/s) catalog=103,170
  discover 400/29204 (15.0/s) catalog=103,477
  discover 450/29204 (15.2/s) catalog=103,779
  discover 500/29204 (15.3/s) catalog=104,017
  discover 550/29204 (15.2/s) catalog=104,248
  discover 600/29204 (15.2/s) catalog=104,419
  discover 650/29204 (15.0/s) catalog=104,746
  discover 700/29204 (15.0/s) catalog=104,914
  discover 750/29204 (15.1/s) catalog=105,117
  discover 800/29204 (15.1/s) catalog=105,385
  discover 850/29204 (15.1/s) catalog=105,689
  discover 900/29204 (15.2/s) catalog=106,028
  discover 950/29204 (15.1/s) catalog=106,226
  discover 1000/29204 (15.1/s) catalog=106,385
  discover 1050/29204 (15.2/s) catalog=106,610
  discover 1100/29204 (15.2/s) catalog=106,729
  discover 1150/29204 (15.2/s) catalog=106,894
  discover 1200/29204 (15.2/s) catalog=107,019
  discover 1250/29204 (15.3/s) catalog=107,164
  discover 1300/29204 (15.3/s) catalog=107,338
  discover 1350/29204 (15.2/s) catalog=107,481
  discover 1400/29204 (15.3/s) catalog=107,651
  discover 1450/29204 (15.3/s) catalog=107,790
  discover 1500/29204 (15.3/s) catalog=107,928
  discover 1550/29204 (15.2/s) catalog=108,040
  discover 1600/29204 (15.3/s) catalog=108,228
  discover 1650/29204 (15.3/s) catalog=108,392
  discover 1700/29204 (15.3/s) catalog=108,517
  discover 1750/29204 (15.2/s) catalog=108,663
  discover 1800/29204 (15.2/s) catalog=108,807
  discover 1850/29204 (15.2/s) catalog=108,939
  discover 1900/29204 (15.2/s) catalog=109,112
  discover 1950/29204 (15.2/s) catalog=109,263
  discover 2000/29204 (15.2/s) catalog=109,388
  discover 2050/29204 (15.2/s) catalog=109,468
  discover 2100/29204 (15.2/s) catalog=109,619
  discover 2150/29204 (15.2/s) catalog=109,766
  discover 2200/29204 (15.2/s) catalog=109,872
  discover 2250/29204 (15.2/s) catalog=109,966
  discover 2300/29204 (15.1/s) catalog=110,045
  discover 2350/29204 (15.0/s) catalog=110,147
  discover 2400/29204 (15.1/s) catalog=110,253
  discover 2450/29204 (15.0/s) catalog=110,372
  discover 2500/29204 (15.0/s) catalog=110,470
  discover 2550/29204 (15.0/s) catalog=110,604
  discover 2600/29204 (15.0/s) catalog=110,694
  discover 2650/29204 (15.0/s) catalog=110,790
  discover 2700/29204 (15.0/s) catalog=110,873
  discover 2750/29204 (15.0/s) catalog=110,981
{"ts": "2026-08-05T20:06:55Z", "phase": "discover", "n_todo_seed": 29204, "catalog_ids": 38542, "canonical_ids": 35945, "cluster_rows": 73822, "embed_keys": 71804, "posters_multi_dirs": 0, "ocr_score_rows": 0, "ocr_swaps_proposed": 0}
  discover 2800/29204 (15.0/s) catalog=111,057
[checkpoint 20:06:57] synced multi-poster-gap artifacts
  discover 2850/29204 (15.0/s) catalog=111,153
  discover 2900/29204 (15.0/s) catalog=111,234
  discover 2950/29204 (14.9/s) catalog=111,310
  discover 3000/29204 (15.0/s) catalog=111,385
  discover 3050/29204 (15.0/s) catalog=111,457
  discover 3100/29204 (15.0/s) catalog=111,550
  discover 3150/29204 (15.0/s) catalog=111,635
  discover 3200/29204 (15.0/s) catalog=111,721
  discover 3250/29204 (15.0/s) catalog=111,821
  discover 3300/29204 (15.0/s) catalog=111,898
  discover 3350/29204 (15.0/s) catalog=111,986
  discover 3400/29204 (15.0/s) catalog=112,065
  discover 3450/29204 (15.0/s) catalog=112,153
  discover 3500/29204 (15.0/s) catalog=112,208
  discover 3550/29204 (15.0/s) catalog=112,259
  discover 3600/29204 (15.0/s) catalog=112,323
  discover 3650/29204 (15.0/s) catalog=112,371
  discover 3700/29204 (15.0/s) catalog=112,436
  discover 3750/29204 (15.0/s) catalog=112,486
  discover 3800/29204 (15.0/s) catalog=112,561
  discover 3850/29204 (15.0/s) catalog=112,633
  discover 3900/29204 (15.0/s) catalog=112,707
  discover 3950/29204 (15.0/s) catalog=112,785
  discover 4000/29204 (15.0/s) catalog=112,870
  discover 4050/29204 (15.0/s) catalog=112,937
  discover 4100/29204 (15.0/s) catalog=112,998
  discover 4150/29204 (14.9/s) catalog=113,068
  discover 4200/29204 (14.9/s) catalog=113,126
  discover 4250/29204 (14.9/s) catalog=113,178
  discover 4300/29204 (14.9/s) catalog=113,237
  discover 4350/29204 (14.9/s) catalog=113,323
  discover 4400/29204 (14.9/s) catalog=113,382
  discover 4450/29204 (14.9/s) catalog=113,445
  discover 4500/29204 (14.9/s) catalog=113,522
  discover 4550/29204 (14.9/s) catalog=113,570
  discover 4600/29204 (14.9/s) catalog=113,622
  discover 4650/29204 (14.9/s) catalog=113,680
  discover 4700/29204 (14.9/s) catalog=113,730
  discover 4750/29204 (14.9/s) catalog=113,781
  discover 4800/29204 (14.9/s) catalog=113,868
  discover 4850/29204 (14.9/s) catalog=113,930
  discover 4900/29204 (14.9/s) catalog=113,990
  discover 4950/29204 (14.9/s) catalog=114,051
  discover 5000/29204 (14.9/s) catalog=114,112
  discover 5050/29204 (14.9/s) catalog=114,176
  discover 5100/29204 (14.8/s) catalog=114,253
  discover 5150/29204 (14.9/s) catalog=114,320
  discover 5200/29204 (14.9/s) catalog=114,403
  discover 5250/29204 (14.8/s) catalog=114,460
  discover 5300/29204 (14.8/s) catalog=114,516
  discover 5350/29204 (14.9/s) catalog=114,566
  discover 5400/29204 (14.8/s) catalog=114,624
  discover 5450/29204 (14.8/s) catalog=114,678
  discover 5500/29204 (14.8/s) catalog=114,741
{"ts": "2026-08-05T20:10:04Z", "phase": "discover", "n_todo_seed": 29204, "catalog_ids": 7185, "canonical_ids": 35945, "cluster_rows": 73822, "embed_keys": 71804, "posters_multi_dirs": 0, "ocr_score_rows": 0, "ocr_swaps_proposed": 0}
  discover 5550/29204 (14.8/s) catalog=114,802
[checkpoint 20:10:06] synced multi-poster-gap artifacts
  discover 5600/29204 (14.8/s) catalog=114,860
  discover 5650/29204 (14.8/s) catalog=114,903
  discover 5700/29204 (14.8/s) catalog=114,951
  discover 5750/29204 (14.8/s) catalog=115,007
  discover 5800/29204 (14.8/s) catalog=115,069
  discover 5850/29204 (14.8/s) catalog=115,162
  discover 5900/29204 (14.8/s) catalog=115,225
  discover 5950/29204 (14.8/s) catalog=115,284
  discover 6000/29204 (14.8/s) catalog=115,333
  discover 6050/29204 (14.7/s) catalog=115,390
  discover 6100/29204 (14.7/s) catalog=115,450
  discover 6150/29204 (14.7/s) catalog=115,529
  discover 6200/29204 (14.8/s) catalog=115,600
  discover 6250/29204 (14.8/s) catalog=115,672
  discover 6300/29204 (14.8/s) catalog=115,720
  discover 6350/29204 (14.8/s) catalog=115,784
  discover 6400/29204 (14.8/s) catalog=115,844
  discover 6450/29204 (14.8/s) catalog=115,913
  discover 6500/29204 (14.8/s) catalog=115,989
  discover 6550/29204 (14.7/s) catalog=116,027
  discover 6600/29204 (14.7/s) catalog=116,056
  discover 6650/29204 (14.7/s) catalog=116,107
  discover 6700/29204 (14.7/s) catalog=116,160
  discover 6750/29204 (14.7/s) catalog=116,228
  discover 6800/29204 (14.7/s) catalog=116,284
  discover 6850/29204 (14.7/s) catalog=116,358
  discover 6900/29204 (14.7/s) catalog=116,407
  discover 6950/29204 (14.7/s) catalog=116,467
  discover 7000/29204 (14.7/s) catalog=116,508
  discover 7050/29204 (14.7/s) catalog=116,576
  discover 7100/29204 (14.7/s) catalog=116,672
  discover 7150/29204 (14.7/s) catalog=116,722
  discover 7200/29204 (14.7/s) catalog=116,767
  discover 7250/29204 (14.7/s) catalog=116,810
  discover 7300/29204 (14.7/s) catalog=116,870
  discover 7350/29204 (14.7/s) catalog=116,941
  discover 7400/29204 (14.7/s) catalog=116,999
  discover 7450/29204 (14.7/s) catalog=117,069
  discover 7500/29204 (14.7/s) catalog=117,145
  discover 7550/29204 (14.7/s) catalog=117,228
  discover 7600/29204 (14.7/s) catalog=117,318
  discover 7650/29204 (14.7/s) catalog=117,413
  discover 7700/29204 (14.7/s) catalog=117,494
  discover 7750/29204 (14.7/s) catalog=117,579
  discover 7800/29204 (14.7/s) catalog=117,658
  discover 7850/29204 (14.7/s) catalog=117,724
  discover 7900/29204 (14.7/s) catalog=117,789
  discover 7950/29204 (14.7/s) catalog=117,852
  discover 8000/29204 (14.7/s) catalog=117,927
  discover 8050/29204 (14.7/s) catalog=118,007
  discover 8100/29204 (14.7/s) catalog=118,084
  discover 8150/29204 (14.7/s) catalog=118,174
  discover 8200/29204 (14.7/s) catalog=118,270
  discover 8250/29204 (14.7/s) catalog=118,364
{"ts": "2026-08-05T20:13:13Z", "phase": "discover", "n_todo_seed": 29204, "catalog_ids": 42968, "canonical_ids": 35945, "cluster_rows": 73822, "embed_keys": 71804, "posters_multi_dirs": 0, "ocr_score_rows": 0, "ocr_swaps_proposed": 0}
[checkpoint 20:13:15] synced multi-poster-gap artifacts
  discover 8300/29204 (14.7/s) catalog=118,465
  discover 8350/29204 (14.7/s) catalog=118,541
  discover 8400/29204 (14.7/s) catalog=118,624
  discover 8450/29204 (14.7/s) catalog=118,694
  discover 8500/29204 (14.7/s) catalog=118,751
  discover 8550/29204 (14.7/s) catalog=118,820
  discover 8600/29204 (14.7/s) catalog=118,893
  discover 8650/29204 (14.7/s) catalog=118,979
  discover 8700/29204 (14.7/s) catalog=119,070
  discover 8750/29204 (14.7/s) catalog=119,153
  discover 8800/29204 (14.7/s) catalog=119,224
  discover 8850/29204 (14.7/s) catalog=119,277
  discover 8900/29204 (14.7/s) catalog=119,362
  discover 8950/29204 (14.7/s) catalog=119,421
  discover 9000/29204 (14.7/s) catalog=119,496
  discover 9050/29204 (14.7/s) catalog=119,556
  discover 9100/29204 (14.7/s) catalog=119,635
  discover 9150/29204 (14.7/s) catalog=119,732
  discover 9200/29204 (14.7/s) catalog=119,806
  discover 9250/29204 (14.7/s) catalog=119,906
  discover 9300/29204 (14.7/s) catalog=120,011
  discover 9350/29204 (14.7/s) catalog=120,093
  discover 9400/29204 (14.7/s) catalog=120,184
  discover 9450/29204 (14.6/s) catalog=120,254
  discover 9500/29204 (14.6/s) catalog=120,326
  discover 9550/29204 (14.6/s) catalog=120,406
  discover 9600/29204 (14.6/s) catalog=120,461
  discover 9650/29204 (14.6/s) catalog=120,555
  discover 9700/29204 (14.6/s) catalog=120,665
  discover 9750/29204 (14.6/s) catalog=120,739
  discover 9800/29204 (14.6/s) catalog=120,824
  discover 9850/29204 (14.6/s) catalog=120,910
  discover 9900/29204 (14.6/s) catalog=120,986
  discover 9950/29204 (14.6/s) catalog=121,080
  discover 10000/29204 (14.6/s) catalog=121,142
  discover 10050/29204 (14.6/s) catalog=121,214
  discover 10100/29204 (14.6/s) catalog=121,273
  discover 10150/29204 (14.6/s) catalog=121,340
  discover 10200/29204 (14.6/s) catalog=121,407
  discover 10250/29204 (14.6/s) catalog=121,483
  discover 10300/29204 (14.6/s) catalog=121,573
  discover 10350/29204 (14.6/s) catalog=121,646
  discover 10400/29204 (14.6/s) catalog=121,706
  discover 10450/29204 (14.6/s) catalog=121,773
  discover 10500/29204 (14.6/s) catalog=121,841
  discover 10550/29204 (14.6/s) catalog=121,920
  discover 10600/29204 (14.6/s) catalog=121,975
  discover 10650/29204 (14.6/s) catalog=122,028
  discover 10700/29204 (14.6/s) catalog=122,095
  discover 10750/29204 (14.6/s) catalog=122,169
  discover 10800/29204 (14.6/s) catalog=122,227
  discover 10850/29204 (14.6/s) catalog=122,285
  discover 10900/29204 (14.6/s) catalog=122,359
  discover 10950/29204 (14.6/s) catalog=122,417
{"ts": "2026-08-05T20:16:21Z", "phase": "discover", "n_todo_seed": 29204, "catalog_ids": 45438, "canonical_ids": 35945, "cluster_rows": 73822, "embed_keys": 71804, "posters_multi_dirs": 0, "ocr_score_rows": 0, "ocr_swaps_proposed": 0}
  discover 11000/29204 (14.6/s) catalog=122,482
[checkpoint 20:16:24] synced multi-poster-gap artifacts
  discover 11050/29204 (14.6/s) catalog=122,548
  discover 11100/29204 (14.6/s) catalog=122,639
  discover 11150/29204 (14.6/s) catalog=122,698
  discover 11200/29204 (14.6/s) catalog=122,759
  discover 11250/29204 (14.6/s) catalog=122,820
  discover 11300/29204 (14.6/s) catalog=122,886
  discover 11350/29204 (14.6/s) catalog=122,944
  discover 11400/29204 (14.6/s) catalog=123,023
  discover 11450/29204 (14.6/s) catalog=123,096
  discover 11500/29204 (14.6/s) catalog=123,144
  discover 11550/29204 (14.6/s) catalog=123,208
  discover 11600/29204 (14.6/s) catalog=123,294
  discover 11650/29204 (14.6/s) catalog=123,359
  discover 11700/29204 (14.6/s) catalog=123,418
  discover 11750/29204 (14.6/s) catalog=123,490
  discover 11800/29204 (14.6/s) catalog=123,566
  discover 11850/29204 (14.6/s) catalog=123,651
  discover 11900/29204 (14.6/s) catalog=123,707
  discover 11950/29204 (14.6/s) catalog=123,762
  discover 12000/29204 (14.6/s) catalog=123,879
  discover 12050/29204 (14.6/s) catalog=123,965
  discover 12100/29204 (14.6/s) catalog=124,029
  discover 12150/29204 (14.6/s) catalog=124,095
  discover 12200/29204 (14.6/s) catalog=124,167
  discover 12250/29204 (14.6/s) catalog=124,238
  discover 12300/29204 (14.6/s) catalog=124,299
  discover 12350/29204 (14.6/s) catalog=124,353
  discover 12400/29204 (14.6/s) catalog=124,422
  discover 12450/29204 (14.6/s) catalog=124,470
  discover 12500/29204 (14.6/s) catalog=124,537
  discover 12550/29204 (14.6/s) catalog=124,603
  discover 12600/29204 (14.6/s) catalog=124,682
  discover 12650/29204 (14.6/s) catalog=124,739
  discover 12700/29204 (14.6/s) catalog=124,816
  discover 12750/29204 (14.6/s) catalog=124,907
  discover 12800/29204 (14.6/s) catalog=124,975
  discover 12850/29204 (14.6/s) catalog=125,034
  discover 12900/29204 (14.6/s) catalog=125,089
  discover 12950/29204 (14.6/s) catalog=125,160
  discover 13000/29204 (14.6/s) catalog=125,237
  discover 13050/29204 (14.6/s) catalog=125,300
  discover 13100/29204 (14.6/s) catalog=125,351
  discover 13150/29204 (14.6/s) catalog=125,413
  discover 13200/29204 (14.6/s) catalog=125,468
  discover 13250/29204 (14.6/s) catalog=125,538
  discover 13300/29204 (14.6/s) catalog=125,605
  discover 13350/29204 (14.6/s) catalog=125,666
  discover 13400/29204 (14.6/s) catalog=125,737
  discover 13450/29204 (14.6/s) catalog=125,792
  discover 13500/29204 (14.6/s) catalog=125,846
  discover 13550/29204 (14.6/s) catalog=125,917
  discover 13600/29204 (14.6/s) catalog=125,979
  discover 13650/29204 (14.6/s) catalog=126,031
  discover 13700/29204 (14.6/s) catalog=126,080
{"ts": "2026-08-05T20:19:30Z", "phase": "discover", "n_todo_seed": 29204, "catalog_ids": 47812, "canonical_ids": 35945, "cluster_rows": 73822, "embed_keys": 71804, "posters_multi_dirs": 0, "ocr_score_rows": 0, "ocr_swaps_proposed": 0}
  discover 13750/29204 (14.6/s) catalog=126,155
[checkpoint 20:19:33] synced multi-poster-gap artifacts
  discover 13800/29204 (14.6/s) catalog=126,217
  discover 13850/29204 (14.6/s) catalog=126,262
  discover 13900/29204 (14.6/s) catalog=126,303
  discover 13950/29204 (14.6/s) catalog=126,388
  discover 14000/29204 (14.6/s) catalog=126,449
  discover 14050/29204 (14.6/s) catalog=126,493
  discover 14100/29204 (14.6/s) catalog=126,547
  discover 14150/29204 (14.6/s) catalog=126,608
  discover 14200/29204 (14.6/s) catalog=126,668
  discover 14250/29204 (14.6/s) catalog=126,743
  discover 14300/29204 (14.5/s) catalog=126,806
  discover 14350/29204 (14.5/s) catalog=126,847
  discover 14400/29204 (14.5/s) catalog=126,936
  discover 14450/29204 (14.5/s) catalog=126,980
  discover 14500/29204 (14.5/s) catalog=127,059
  discover 14550/29204 (14.5/s) catalog=127,134
  discover 14600/29204 (14.5/s) catalog=127,209
  discover 14650/29204 (14.5/s) catalog=127,261
  discover 14700/29204 (14.5/s) catalog=127,344
  discover 14750/29204 (14.5/s) catalog=127,421
  discover 14800/29204 (14.5/s) catalog=127,486
  discover 14850/29204 (14.5/s) catalog=127,556
  discover 14900/29204 (14.5/s) catalog=127,612
  discover 14950/29204 (14.5/s) catalog=127,654
  discover 15000/29204 (14.5/s) catalog=127,708
  discover 15050/29204 (14.5/s) catalog=127,778
  discover 15100/29204 (14.5/s) catalog=127,850
  discover 15150/29204 (14.5/s) catalog=127,903
  discover 15200/29204 (14.5/s) catalog=127,956
  discover 15250/29204 (14.5/s) catalog=128,002
  discover 15300/29204 (14.5/s) catalog=128,046
  discover 15350/29204 (14.5/s) catalog=128,112
  discover 15400/29204 (14.5/s) catalog=128,171
  discover 15450/29204 (14.5/s) catalog=128,230
  discover 15500/29204 (14.5/s) catalog=128,298
  discover 15550/29204 (14.5/s) catalog=128,351
  discover 15600/29204 (14.5/s) catalog=128,405
  discover 15650/29204 (14.5/s) catalog=128,461
  discover 15700/29204 (14.5/s) catalog=128,542
  discover 15750/29204 (14.5/s) catalog=128,619
  discover 15800/29204 (14.5/s) catalog=128,708
  discover 15850/29204 (14.5/s) catalog=128,789
  discover 15900/29204 (14.5/s) catalog=128,865
  discover 15950/29204 (14.5/s) catalog=128,926
  discover 16000/29204 (14.5/s) catalog=129,008
  discover 16050/29204 (14.5/s) catalog=129,082
  discover 16100/29204 (14.5/s) catalog=129,165
  discover 16150/29204 (14.5/s) catalog=129,247
  discover 16200/29204 (14.5/s) catalog=129,310
  discover 16250/29204 (14.5/s) catalog=129,362
  discover 16300/29204 (14.5/s) catalog=129,430
  discover 16350/29204 (14.5/s) catalog=129,492
{"ts": "2026-08-05T20:22:39Z", "phase": "discover", "n_todo_seed": 29204, "catalog_ids": 50090, "canonical_ids": 35945, "cluster_rows": 73822, "embed_keys": 71804, "posters_multi_dirs": 0, "ocr_score_rows": 0, "ocr_swaps_proposed": 0}
[checkpoint 20:22:41] synced multi-poster-gap artifacts
  discover 16400/29204 (14.5/s) catalog=129,556
  discover 16450/29204 (14.5/s) catalog=129,634
  discover 16500/29204 (14.5/s) catalog=129,693
  discover 16550/29204 (14.5/s) catalog=129,772
  discover 16600/29204 (14.5/s) catalog=129,854
  discover 16650/29204 (14.5/s) catalog=129,922
  discover 16700/29204 (14.5/s) catalog=129,986
  discover 16750/29204 (14.5/s) catalog=130,065
  discover 16800/29204 (14.5/s) catalog=130,126
  discover 16850/29204 (14.5/s) catalog=130,180
  discover 16900/29204 (14.5/s) catalog=130,248
  discover 16950/29204 (14.5/s) catalog=130,316
  discover 17000/29204 (14.5/s) catalog=130,387
  discover 17050/29204 (14.5/s) catalog=130,438
  discover 17100/29204 (14.5/s) catalog=130,499
  discover 17150/29204 (14.5/s) catalog=130,552
  discover 17200/29204 (14.5/s) catalog=130,607
  discover 17250/29204 (14.5/s) catalog=130,676
  discover 17300/29204 (14.5/s) catalog=130,751
  discover 17350/29204 (14.5/s) catalog=130,812
  discover 17400/29204 (14.5/s) catalog=130,869
  discover 17450/29204 (14.5/s) catalog=130,946
  discover 17500/29204 (14.4/s) catalog=131,020
  discover 17550/29204 (14.4/s) catalog=131,081
  discover 17600/29204 (14.4/s) catalog=131,136
  discover 17650/29204 (14.4/s) catalog=131,187
  discover 17700/29204 (14.4/s) catalog=131,246
  discover 17750/29204 (14.4/s) catalog=131,318
  discover 17800/29204 (14.4/s) catalog=131,376
  discover 17850/29204 (14.4/s) catalog=131,439
  discover 17900/29204 (14.4/s) catalog=131,515
  discover 17950/29204 (14.4/s) catalog=131,593
  discover 18000/29204 (14.4/s) catalog=131,662
  discover 18050/29204 (14.4/s) catalog=131,729
  discover 18100/29204 (14.4/s) catalog=131,785
  discover 18150/29204 (14.4/s) catalog=131,845
  discover 18200/29204 (14.4/s) catalog=131,917
  discover 18250/29204 (14.4/s) catalog=131,987
  discover 18300/29204 (14.4/s) catalog=132,047
  discover 18350/29204 (14.4/s) catalog=132,100
  discover 18400/29204 (14.4/s) catalog=132,169
  discover 18450/29204 (14.4/s) catalog=132,227
  discover 18500/29204 (14.4/s) catalog=132,297
  discover 18550/29204 (14.4/s) catalog=132,354
  discover 18600/29204 (14.4/s) catalog=132,411
  discover 18650/29204 (14.4/s) catalog=132,484
  discover 18700/29204 (14.4/s) catalog=132,541
  discover 18750/29204 (14.4/s) catalog=132,602
  discover 18800/29204 (14.4/s) catalog=132,658
  discover 18850/29204 (14.4/s) catalog=132,729
  discover 18900/29204 (14.4/s) catalog=132,783
  discover 18950/29204 (14.4/s) catalog=132,864
{"ts": "2026-08-05T20:25:48Z", "phase": "discover", "n_todo_seed": 29204, "catalog_ids": 3972, "canonical_ids": 35945, "cluster_rows": 73822, "embed_keys": 71804, "posters_multi_dirs": 0, "ocr_score_rows": 0, "ocr_swaps_proposed": 0}
  discover 19000/29204 (14.4/s) catalog=132,925
[checkpoint 20:25:50] synced multi-poster-gap artifacts
  discover 19050/29204 (14.4/s) catalog=132,993
  discover 19100/29204 (14.4/s) catalog=133,048
  discover 19150/29204 (14.4/s) catalog=133,099
  discover 19200/29204 (14.4/s) catalog=133,159
  discover 19250/29204 (14.4/s) catalog=133,215
  discover 19300/29204 (14.4/s) catalog=133,269
  discover 19350/29204 (14.4/s) catalog=133,319
  discover 19400/29204 (14.4/s) catalog=133,389
  discover 19450/29204 (14.4/s) catalog=133,461
  discover 19500/29204 (14.4/s) catalog=133,533
  discover 19550/29204 (14.4/s) catalog=133,595
  discover 19600/29204 (14.4/s) catalog=133,652
  discover 19650/29204 (14.4/s) catalog=133,720
  discover 19700/29204 (14.4/s) catalog=133,791
  discover 19750/29204 (14.4/s) catalog=133,850
  discover 19800/29204 (14.4/s) catalog=133,904
  discover 19850/29204 (14.4/s) catalog=133,985
  discover 19900/29204 (14.4/s) catalog=134,034
  discover 19950/29204 (14.4/s) catalog=134,084
  discover 20000/29204 (14.4/s) catalog=134,170
  discover 20050/29204 (14.4/s) catalog=134,252
  discover 20100/29204 (14.4/s) catalog=134,306
  discover 20150/29204 (14.4/s) catalog=134,358
  discover 20200/29204 (14.4/s) catalog=134,408
  discover 20250/29204 (14.4/s) catalog=134,470
  discover 20300/29204 (14.4/s) catalog=134,528
  discover 20350/29204 (14.4/s) catalog=134,581
  discover 20400/29204 (14.4/s) catalog=134,642
  discover 20450/29204 (14.4/s) catalog=134,700
  discover 20500/29204 (14.4/s) catalog=134,763
  discover 20550/29204 (14.4/s) catalog=134,855
  discover 20600/29204 (14.4/s) catalog=134,915
  discover 20650/29204 (14.4/s) catalog=134,970
  discover 20700/29204 (14.4/s) catalog=135,020
  discover 20750/29204 (14.3/s) catalog=135,073
  discover 20800/29204 (14.3/s) catalog=135,123
  discover 20850/29204 (14.3/s) catalog=135,173
  discover 20900/29204 (14.3/s) catalog=135,231
  discover 20950/29204 (14.3/s) catalog=135,283
  discover 21000/29204 (14.3/s) catalog=135,328
  discover 21050/29204 (14.3/s) catalog=135,402
  discover 21100/29204 (14.3/s) catalog=135,460
  discover 21150/29204 (14.3/s) catalog=135,509
  discover 21200/29204 (14.3/s) catalog=135,557
  discover 21250/29204 (14.3/s) catalog=135,621
  discover 21300/29204 (14.3/s) catalog=135,666
  discover 21350/29204 (14.3/s) catalog=135,748
  discover 21400/29204 (14.3/s) catalog=135,810
  discover 21450/29204 (14.3/s) catalog=135,873
  discover 21500/29204 (14.3/s) catalog=135,936
  discover 21550/29204 (14.3/s) catalog=135,992
  discover 21600/29204 (14.3/s) catalog=136,055
{"ts": "2026-08-05T20:28:57Z", "phase": "discover", "n_todo_seed": 29204, "catalog_ids": 55192, "canonical_ids": 35945, "cluster_rows": 73822, "embed_keys": 71804, "posters_multi_dirs": 0, "ocr_score_rows": 0, "ocr_swaps_proposed": 0}
[checkpoint 20:28:59] synced multi-poster-gap artifacts
  discover 21650/29204 (14.3/s) catalog=136,111
  discover 21700/29204 (14.3/s) catalog=136,162
  discover 21750/29204 (14.3/s) catalog=136,224
  discover 21800/29204 (14.3/s) catalog=136,283
  discover 21850/29204 (14.3/s) catalog=136,334
  discover 21900/29204 (14.3/s) catalog=136,385
  discover 21950/29204 (14.3/s) catalog=136,441
  discover 22000/29204 (14.3/s) catalog=136,507
  discover 22050/29204 (14.3/s) catalog=136,580
  discover 22100/29204 (14.3/s) catalog=136,636
  discover 22150/29204 (14.3/s) catalog=136,683
  discover 22200/29204 (14.3/s) catalog=136,744
  discover 22250/29204 (14.3/s) catalog=136,797
  discover 22300/29204 (14.3/s) catalog=136,848
  discover 22350/29204 (14.3/s) catalog=136,897
  discover 22400/29204 (14.3/s) catalog=136,957
  discover 22450/29204 (14.3/s) catalog=137,017
  discover 22500/29204 (14.3/s) catalog=137,077
  discover 22550/29204 (14.3/s) catalog=137,136
  discover 22600/29204 (14.3/s) catalog=137,201
  discover 22650/29204 (14.3/s) catalog=137,267
  discover 22700/29204 (14.3/s) catalog=137,324
  discover 22750/29204 (14.3/s) catalog=137,387
  discover 22800/29204 (14.3/s) catalog=137,473
  discover 22850/29204 (14.3/s) catalog=137,542
  discover 22900/29204 (14.3/s) catalog=137,594
  discover 22950/29204 (14.3/s) catalog=137,646
  discover 23000/29204 (14.3/s) catalog=137,706
  discover 23050/29204 (14.3/s) catalog=137,768
  discover 23100/29204 (14.3/s) catalog=137,826
  discover 23150/29204 (14.3/s) catalog=137,882
  discover 23200/29204 (14.3/s) catalog=137,940
  discover 23250/29204 (14.3/s) catalog=137,999
  discover 23300/29204 (14.3/s) catalog=138,050
  discover 23350/29204 (14.3/s) catalog=138,106
  discover 23400/29204 (14.3/s) catalog=138,158
  discover 23450/29204 (14.3/s) catalog=138,228
  discover 23500/29204 (14.3/s) catalog=138,277
  discover 23550/29204 (14.3/s) catalog=138,342
  discover 23600/29204 (14.3/s) catalog=138,393
  discover 23650/29204 (14.3/s) catalog=138,457
  discover 23700/29204 (14.3/s) catalog=138,539
  discover 23750/29204 (14.3/s) catalog=138,593
  discover 23800/29204 (14.3/s) catalog=138,659
  discover 23850/29204 (14.3/s) catalog=138,742
  discover 23900/29204 (14.3/s) catalog=138,801
  discover 23950/29204 (14.3/s) catalog=138,878
  discover 24000/29204 (14.3/s) catalog=138,967
  discover 24050/29204 (14.3/s) catalog=139,026
  discover 24100/29204 (14.3/s) catalog=139,096
  discover 24150/29204 (14.3/s) catalog=139,165
  discover 24200/29204 (14.3/s) catalog=139,243
  discover 24250/29204 (14.3/s) catalog=139,317
{"ts": "2026-08-05T20:32:05Z", "phase": "discover", "n_todo_seed": 29204, "catalog_ids": 57672, "canonical_ids": 35945, "cluster_rows": 73822, "embed_keys": 71804, "posters_multi_dirs": 0, "ocr_score_rows": 0, "ocr_swaps_proposed": 0}
  discover 24300/29204 (14.3/s) catalog=139,380
[checkpoint 20:32:07] synced multi-poster-gap artifacts
  discover 24350/29204 (14.3/s) catalog=139,440
  discover 24400/29204 (14.3/s) catalog=139,496
  discover 24450/29204 (14.3/s) catalog=139,562
  discover 24500/29204 (14.3/s) catalog=139,629
  discover 24550/29204 (14.3/s) catalog=139,684
  discover 24600/29204 (14.3/s) catalog=139,758
  discover 24650/29204 (14.3/s) catalog=139,828
  discover 24700/29204 (14.3/s) catalog=139,884
  discover 24750/29204 (14.3/s) catalog=139,944
  discover 24800/29204 (14.3/s) catalog=140,001
  discover 24850/29204 (14.3/s) catalog=140,072
  discover 24900/29204 (14.3/s) catalog=140,141
  discover 24950/29204 (14.3/s) catalog=140,222
  discover 25000/29204 (14.3/s) catalog=140,289
  discover 25050/29204 (14.3/s) catalog=140,356
  discover 25100/29204 (14.3/s) catalog=140,431
  discover 25150/29204 (14.3/s) catalog=140,489
  discover 25200/29204 (14.3/s) catalog=140,546
  discover 25250/29204 (14.3/s) catalog=140,615
  discover 25300/29204 (14.3/s) catalog=140,675
  discover 25350/29204 (14.3/s) catalog=140,747
  discover 25400/29204 (14.3/s) catalog=140,821
  discover 25450/29204 (14.3/s) catalog=140,884
  discover 25500/29204 (14.3/s) catalog=140,936
  discover 25550/29204 (14.3/s) catalog=141,005
  discover 25600/29204 (14.3/s) catalog=141,067
  discover 25650/29204 (14.3/s) catalog=141,133
  discover 25700/29204 (14.3/s) catalog=141,203
  discover 25750/29204 (14.3/s) catalog=141,273
  discover 25800/29204 (14.3/s) catalog=141,334
  discover 25850/29204 (14.3/s) catalog=141,392
  discover 25900/29204 (14.3/s) catalog=141,473
  discover 25950/29204 (14.3/s) catalog=141,525
  discover 26000/29204 (14.3/s) catalog=141,588
  discover 26050/29204 (14.3/s) catalog=141,658
  discover 26100/29204 (14.3/s) catalog=141,710
  discover 26150/29204 (14.3/s) catalog=141,774
  discover 26200/29204 (14.3/s) catalog=141,844
  discover 26250/29204 (14.3/s) catalog=141,902
  discover 26300/29204 (14.3/s) catalog=141,961
  discover 26350/29204 (14.3/s) catalog=142,035
  discover 26400/29204 (14.3/s) catalog=142,087
  discover 26450/29204 (14.3/s) catalog=142,146
  discover 26500/29204 (14.3/s) catalog=142,203
  discover 26550/29204 (14.3/s) catalog=142,262
  discover 26600/29204 (14.3/s) catalog=142,317
  discover 26650/29204 (14.3/s) catalog=142,371
  discover 26700/29204 (14.3/s) catalog=142,429
  discover 26750/29204 (14.3/s) catalog=142,483
  discover 26800/29204 (14.3/s) catalog=142,541
  discover 26850/29204 (14.3/s) catalog=142,599
  discover 26900/29204 (14.3/s) catalog=142,662
  discover 26950/29204 (14.3/s) catalog=142,722
{"ts": "2026-08-05T20:35:14Z", "phase": "discover", "n_todo_seed": 29204, "catalog_ids": 60265, "canonical_ids": 35945, "cluster_rows": 73822, "embed_keys": 71804, "posters_multi_dirs": 0, "ocr_score_rows": 0, "ocr_swaps_proposed": 0}
[checkpoint 20:35:16] synced multi-poster-gap artifacts
  discover 27000/29204 (14.3/s) catalog=142,782
  discover 27050/29204 (14.3/s) catalog=142,840
  discover 27100/29204 (14.3/s) catalog=142,892
  discover 27150/29204 (14.3/s) catalog=142,949
  discover 27200/29204 (14.3/s) catalog=143,014
  discover 27250/29204 (14.3/s) catalog=143,070
  discover 27300/29204 (14.3/s) catalog=143,131
  discover 27350/29204 (14.3/s) catalog=143,194
  discover 27400/29204 (14.3/s) catalog=143,245
  discover 27450/29204 (14.3/s) catalog=143,294
  discover 27500/29204 (14.3/s) catalog=143,354
  discover 27550/29204 (14.3/s) catalog=143,414
  discover 27600/29204 (14.3/s) catalog=143,468
  discover 27650/29204 (14.3/s) catalog=143,521
  discover 27700/29204 (14.3/s) catalog=143,575
  discover 27750/29204 (14.3/s) catalog=143,635
  discover 27800/29204 (14.3/s) catalog=143,685
  discover 27850/29204 (14.3/s) catalog=143,748
  discover 27900/29204 (14.3/s) catalog=143,802
  discover 27950/29204 (14.3/s) catalog=143,870
  discover 28000/29204 (14.3/s) catalog=143,930
  discover 28050/29204 (14.3/s) catalog=143,985
  discover 28100/29204 (14.3/s) catalog=144,040
  discover 28150/29204 (14.3/s) catalog=144,098
  discover 28200/29204 (14.3/s) catalog=144,155
  discover 28250/29204 (14.3/s) catalog=144,207
  discover 28300/29204 (14.3/s) catalog=144,259
  discover 28350/29204 (14.3/s) catalog=144,320
  discover 28400/29204 (14.3/s) catalog=144,374
  discover 28450/29204 (14.3/s) catalog=144,428
  discover 28500/29204 (14.3/s) catalog=144,489
  discover 28550/29204 (14.3/s) catalog=144,542
  discover 28600/29204 (14.3/s) catalog=144,611
  discover 28650/29204 (14.3/s) catalog=144,672
  discover 28700/29204 (14.3/s) catalog=144,738
  discover 28750/29204 (14.3/s) catalog=144,795
  discover 28800/29204 (14.3/s) catalog=144,857
  discover 28850/29204 (14.3/s) catalog=144,913
  discover 28900/29204 (14.3/s) catalog=144,971
  discover 28950/29204 (14.3/s) catalog=145,041
  discover 29000/29204 (14.3/s) catalog=145,099
  discover 29050/29204 (14.3/s) catalog=145,152
  discover 29100/29204 (14.3/s) catalog=145,215
  discover 29150/29204 (14.3/s) catalog=145,279
  discover 29200/29204 (14.3/s) catalog=145,351
  discover 29204/29204 (14.3/s) catalog=145,355

=== DISCOVER SUMMARY ===
movies: 62,421  poster rows: 145,355
posters/movie: mean=2.33 median=1 p90=5 max=21
movies with ≥2 posters: 22,675
movies with ≥5 posters: 6,545
{"ts": "2026-08-05T20:38:01Z", "phase": "discover", "n_todo_seed": 29204, "catalog_ids": 62421, "canonical_ids": 35945, "cluster_rows": 73822, "embed_keys": 71804, "posters_multi_dirs": 0, "ocr_score_rows": 0, "ocr_swaps_proposed": 0}
--- download ---
download queue: 113,495 (of 113,495 listed)
  download 200/113495 ok=200 fail=0
  download 400/113495 ok=400 fail=0
  download 600/113495 ok=600 fail=0
  download 800/113495 ok=800 fail=0
  download 1000/113495 ok=1000 fail=0
  download 1200/113495 ok=1200 fail=0
{"ts": "2026-08-05T20:38:23Z", "phase": "download", "n_todo_seed": 29204, "catalog_ids": 62421, "canonical_ids": 35945, "cluster_rows": 73822, "embed_keys": 71804, "posters_multi_dirs": 339, "ocr_score_rows": 0, "ocr_swaps_proposed": 0}
  download 1400/113495 ok=1400 fail=0
[checkpoint 20:38:25] synced multi-poster-gap artifacts
  download 1600/113495 ok=1600 fail=0
  download 1800/113495 ok=1800 fail=0
  download 2000/113495 ok=2000 fail=0
  download 2200/113495 ok=2200 fail=0
  download 2400/113495 ok=2400 fail=0
  download 2600/113495 ok=2600 fail=0
  download 2800/113495 ok=2800 fail=0
  download 3000/113495 ok=3000 fail=0
  download 3200/113495 ok=3200 fail=0
  download 3400/113495 ok=3400 fail=0
  download 3600/113495 ok=3600 fail=0
  download 3800/113495 ok=3800 fail=0
  download 4000/113495 ok=4000 fail=0
  download 4200/113495 ok=4200 fail=0
  download 4400/113495 ok=4400 fail=0
  download 4600/113495 ok=4600 fail=0
  download 4800/113495 ok=4800 fail=0
  download 5000/113495 ok=5000 fail=0
  download 5200/113495 ok=5199 fail=1
  download 5400/113495 ok=5399 fail=1
  download 5600/113495 ok=5599 fail=1
  download 5800/113495 ok=5799 fail=1
  download 6000/113495 ok=5998 fail=2
  download 6200/113495 ok=6198 fail=2
  download 6400/113495 ok=6398 fail=2
  download 6600/113495 ok=6598 fail=2
  download 6800/113495 ok=6798 fail=2
  download 7000/113495 ok=6998 fail=2
  download 7200/113495 ok=7198 fail=2
  download 7400/113495 ok=7398 fail=2
  download 7600/113495 ok=7598 fail=2
  download 7800/113495 ok=7798 fail=2
  download 8000/113495 ok=7998 fail=2
  download 8200/113495 ok=8198 fail=2
  download 8400/113495 ok=8398 fail=2
  download 8600/113495 ok=8598 fail=2
  download 8800/113495 ok=8798 fail=2
  download 9000/113495 ok=8998 fail=2
  download 9200/113495 ok=9198 fail=2
  download 9400/113495 ok=9398 fail=2
  download 9600/113495 ok=9598 fail=2
  download 9800/113495 ok=9798 fail=2
  download 10000/113495 ok=9998 fail=2
  download 10200/113495 ok=10198 fail=2
  download 10400/113495 ok=10398 fail=2
  download 10600/113495 ok=10598 fail=2
  download 10800/113495 ok=10798 fail=2
  download 11000/113495 ok=10998 fail=2
  download 11200/113495 ok=11198 fail=2
  download 11400/113495 ok=11398 fail=2
  download 11600/113495 ok=11598 fail=2
  download 11800/113495 ok=11798 fail=2
  download 12000/113495 ok=11998 fail=2
  download 12200/113495 ok=12198 fail=2
  download 12400/113495 ok=12398 fail=2
  download 12600/113495 ok=12598 fail=2
  download 12800/113495 ok=12798 fail=2
  download 13000/113495 ok=12998 fail=2
  download 13200/113495 ok=13198 fail=2
{"ts": "2026-08-05T20:41:31Z", "phase": "download", "n_todo_seed": 29204, "catalog_ids": 62421, "canonical_ids": 35945, "cluster_rows": 73822, "embed_keys": 71804, "posters_multi_dirs": 3516, "ocr_score_rows": 0, "ocr_swaps_proposed": 0}
[checkpoint 20:41:34] synced multi-poster-gap artifacts
  download 13400/113495 ok=13398 fail=2
  download 13600/113495 ok=13597 fail=3
  download 13800/113495 ok=13796 fail=4
  download 14000/113495 ok=13996 fail=4
  download 14200/113495 ok=14196 fail=4
  download 14400/113495 ok=14395 fail=5
  download 14600/113495 ok=14594 fail=6
  download 14800/113495 ok=14794 fail=6
  download 15000/113495 ok=14993 fail=7
  download 15200/113495 ok=15193 fail=7
  download 15400/113495 ok=15393 fail=7
  download 15600/113495 ok=15593 fail=7
  download 15800/113495 ok=15793 fail=7
  download 16000/113495 ok=15993 fail=7
  download 16200/113495 ok=16193 fail=7
  download 16400/113495 ok=16393 fail=7
  download 16600/113495 ok=16593 fail=7
  download 16800/113495 ok=16793 fail=7
  download 17000/113495 ok=16993 fail=7
  download 17200/113495 ok=17193 fail=7
  download 17400/113495 ok=17393 fail=7
  download 17600/113495 ok=17593 fail=7
  download 17800/113495 ok=17793 fail=7
  download 18000/113495 ok=17993 fail=7
  download 18200/113495 ok=18193 fail=7
  download 18400/113495 ok=18393 fail=7
  download 18600/113495 ok=18593 fail=7
  download 18800/113495 ok=18793 fail=7
  download 19000/113495 ok=18993 fail=7
  download 19200/113495 ok=19193 fail=7
  download 19400/113495 ok=19393 fail=7
  download 19600/113495 ok=19593 fail=7
  download 19800/113495 ok=19793 fail=7
  download 20000/113495 ok=19993 fail=7
  download 20200/113495 ok=20193 fail=7
  download 20400/113495 ok=20393 fail=7
  download 20600/113495 ok=20593 fail=7
  download 20800/113495 ok=20793 fail=7
  download 21000/113495 ok=20993 fail=7
  download 21200/113495 ok=21193 fail=7
  download 21400/113495 ok=21393 fail=7
  download 21600/113495 ok=21593 fail=7
  download 21800/113495 ok=21793 fail=7
  download 22000/113495 ok=21993 fail=7
  download 22200/113495 ok=22193 fail=7
  download 22400/113495 ok=22393 fail=7
  download 22600/113495 ok=22593 fail=7
{"ts": "2026-08-05T20:44:40Z", "phase": "download", "n_todo_seed": 29204, "catalog_ids": 62421, "canonical_ids": 35945, "cluster_rows": 73822, "embed_keys": 71804, "posters_multi_dirs": 6493, "ocr_score_rows": 0, "ocr_swaps_proposed": 0}
[checkpoint 20:44:42] synced multi-poster-gap artifacts
  download 22800/113495 ok=22793 fail=7
  download 23000/113495 ok=22993 fail=7
  download 23200/113495 ok=23193 fail=7
  download 23400/113495 ok=23393 fail=7
  download 23600/113495 ok=23593 fail=7
  download 23800/113495 ok=23792 fail=8
  download 24000/113495 ok=23992 fail=8
  download 24200/113495 ok=24192 fail=8
  download 24400/113495 ok=24392 fail=8
  download 24600/113495 ok=24592 fail=8
  download 24800/113495 ok=24792 fail=8
  download 25000/113495 ok=24992 fail=8
  download 25200/113495 ok=25190 fail=10
  download 25400/113495 ok=25389 fail=11
  download 25600/113495 ok=25589 fail=11
  download 25800/113495 ok=25789 fail=11
  download 26000/113495 ok=25989 fail=11
  download 26200/113495 ok=26187 fail=13
  download 26400/113495 ok=26387 fail=13
  download 26600/113495 ok=26587 fail=13
  download 26800/113495 ok=26787 fail=13
  download 27000/113495 ok=26987 fail=13
  download 27200/113495 ok=27187 fail=13
  download 27400/113495 ok=27387 fail=13
  download 27600/113495 ok=27587 fail=13
  download 27800/113495 ok=27787 fail=13
  download 28000/113495 ok=27987 fail=13
  download 28200/113495 ok=28187 fail=13
  download 28400/113495 ok=28387 fail=13
  download 28600/113495 ok=28587 fail=13
  download 28800/113495 ok=28787 fail=13
  download 29000/113495 ok=28987 fail=13
  download 29200/113495 ok=29187 fail=13
  download 29400/113495 ok=29387 fail=13
  download 29600/113495 ok=29587 fail=13
  download 29800/113495 ok=29787 fail=13
  download 30000/113495 ok=29987 fail=13
  download 30200/113495 ok=30187 fail=13
  download 30400/113495 ok=30386 fail=14
  download 30600/113495 ok=30585 fail=15
  download 30800/113495 ok=30785 fail=15
  download 31000/113495 ok=30985 fail=15
  download 31200/113495 ok=31185 fail=15
  download 31400/113495 ok=31385 fail=15
  download 31600/113495 ok=31585 fail=15
  download 31800/113495 ok=31785 fail=15
  download 32000/113495 ok=31985 fail=15
  download 32200/113495 ok=32185 fail=15
  download 32400/113495 ok=32385 fail=15
  download 32600/113495 ok=32585 fail=15
  download 32800/113495 ok=32785 fail=15
  download 33000/113495 ok=32985 fail=15
  download 33200/113495 ok=33185 fail=15
  download 33400/113495 ok=33385 fail=15
  download 33600/113495 ok=33585 fail=15
  download 33800/113495 ok=33785 fail=15
  download 34000/113495 ok=33985 fail=15
  download 34200/113495 ok=34185 fail=15
  download 34400/113495 ok=34385 fail=15
  download 34600/113495 ok=34585 fail=15
  download 34800/113495 ok=34785 fail=15
  download 35000/113495 ok=34985 fail=15
{"ts": "2026-08-05T20:47:49Z", "phase": "download", "n_todo_seed": 29204, "catalog_ids": 62421, "canonical_ids": 35945, "cluster_rows": 73822, "embed_keys": 71804, "posters_multi_dirs": 12001, "ocr_score_rows": 0, "ocr_swaps_proposed": 0}
[checkpoint 20:47:52] synced multi-poster-gap artifacts
  download 35200/113495 ok=35185 fail=15
  download 35400/113495 ok=35385 fail=15
  download 35600/113495 ok=35585 fail=15
  download 35800/113495 ok=35785 fail=15
  download 36000/113495 ok=35985 fail=15
  download 36200/113495 ok=36183 fail=17
  download 36400/113495 ok=36383 fail=17
  download 36600/113495 ok=36583 fail=17
  download 36800/113495 ok=36783 fail=17
  download 37000/113495 ok=36983 fail=17
  download 37200/113495 ok=37183 fail=17
  download 37400/113495 ok=37383 fail=17
  download 37600/113495 ok=37583 fail=17
  download 37800/113495 ok=37783 fail=17
  download 38000/113495 ok=37983 fail=17
  download 38200/113495 ok=38183 fail=17
  download 38400/113495 ok=38381 fail=19
  download 38600/113495 ok=38581 fail=19
  download 38800/113495 ok=38781 fail=19
  download 39000/113495 ok=38981 fail=19
  download 39200/113495 ok=39181 fail=19
  download 39400/113495 ok=39381 fail=19
  download 39600/113495 ok=39581 fail=19
  download 39800/113495 ok=39781 fail=19
  download 40000/113495 ok=39981 fail=19
  download 40200/113495 ok=40181 fail=19
  download 40400/113495 ok=40381 fail=19
  download 40600/113495 ok=40581 fail=19
  download 40800/113495 ok=40781 fail=19
  download 41000/113495 ok=40981 fail=19
  download 41200/113495 ok=41181 fail=19
  download 41400/113495 ok=41381 fail=19
  download 41600/113495 ok=41581 fail=19
  download 41800/113495 ok=41781 fail=19
  download 42000/113495 ok=41981 fail=19
  download 42200/113495 ok=42181 fail=19
  download 42400/113495 ok=42381 fail=19
  download 42600/113495 ok=42581 fail=19
  download 42800/113495 ok=42781 fail=19
  download 43000/113495 ok=42981 fail=19
  download 43200/113495 ok=43181 fail=19
  download 43400/113495 ok=43381 fail=19
  download 43600/113495 ok=43581 fail=19
  download 43800/113495 ok=43781 fail=19
  download 44000/113495 ok=43981 fail=19
  download 44200/113495 ok=44181 fail=19
  download 44400/113495 ok=44381 fail=19
  download 44600/113495 ok=44581 fail=19
  download 44800/113495 ok=44781 fail=19
  download 45000/113495 ok=44981 fail=19
  download 45200/113495 ok=45181 fail=19
  download 45400/113495 ok=45381 fail=19
  download 45600/113495 ok=45581 fail=19
  download 45800/113495 ok=45781 fail=19
  download 46000/113495 ok=45981 fail=19
  download 46200/113495 ok=46181 fail=19
  download 46400/113495 ok=46381 fail=19
  download 46600/113495 ok=46581 fail=19
  download 46800/113495 ok=46781 fail=19
  download 47000/113495 ok=46981 fail=19
  download 47200/113495 ok=47181 fail=19
  download 47400/113495 ok=47381 fail=19
  download 47600/113495 ok=47581 fail=19
  download 47800/113495 ok=47781 fail=19
  download 48000/113495 ok=47981 fail=19
  download 48200/113495 ok=48181 fail=19
  download 48400/113495 ok=48381 fail=19
  download 48600/113495 ok=48581 fail=19
  download 48800/113495 ok=48781 fail=19
  download 49000/113495 ok=48981 fail=19
  download 49200/113495 ok=49181 fail=19
  download 49400/113495 ok=49381 fail=19
  download 49600/113495 ok=49581 fail=19
  download 49800/113495 ok=49781 fail=19
  download 50000/113495 ok=49981 fail=19
{"ts": "2026-08-05T20:50:59Z", "phase": "download", "n_todo_seed": 29204, "catalog_ids": 62421, "canonical_ids": 35945, "cluster_rows": 73822, "embed_keys": 71804, "posters_multi_dirs": 20236, "ocr_score_rows": 0, "ocr_swaps_proposed": 0}
  download 50200/113495 ok=50181 fail=19
[checkpoint 20:51:01] synced multi-poster-gap artifacts
  download 50400/113495 ok=50381 fail=19
  download 50600/113495 ok=50581 fail=19
  download 50800/113495 ok=50781 fail=19
  download 51000/113495 ok=50981 fail=19
  download 51200/113495 ok=51181 fail=19
  download 51400/113495 ok=51381 fail=19
  download 51600/113495 ok=51581 fail=19
  download 51800/113495 ok=51781 fail=19
  download 52000/113495 ok=51981 fail=19
  download 52200/113495 ok=52181 fail=19
  download 52400/113495 ok=52381 fail=19
  download 52600/113495 ok=52581 fail=19
  download 52800/113495 ok=52781 fail=19
  download 53000/113495 ok=52981 fail=19
  download 53200/113495 ok=53181 fail=19
  download 53400/113495 ok=53381 fail=19
  download 53600/113495 ok=53581 fail=19
  download 53800/113495 ok=53781 fail=19
  download 54000/113495 ok=53981 fail=19
  download 54200/113495 ok=54181 fail=19
  download 54400/113495 ok=54381 fail=19
  download 54600/113495 ok=54581 fail=19
  download 54800/113495 ok=54781 fail=19
  download 55000/113495 ok=54981 fail=19
  download 55200/113495 ok=55181 fail=19
  download 55400/113495 ok=55381 fail=19
  download 55600/113495 ok=55581 fail=19
  download 55800/113495 ok=55781 fail=19
  download 56000/113495 ok=55981 fail=19
  download 56200/113495 ok=56181 fail=19
  download 56400/113495 ok=56381 fail=19
  download 56600/113495 ok=56581 fail=19
  download 56800/113495 ok=56781 fail=19
  download 57000/113495 ok=56980 fail=20
  download 57200/113495 ok=57179 fail=21
  download 57400/113495 ok=57379 fail=21
  download 57600/113495 ok=57579 fail=21
  download 57800/113495 ok=57779 fail=21
  download 58000/113495 ok=57979 fail=21
  download 58200/113495 ok=58178 fail=22
  download 58400/113495 ok=58378 fail=22
  download 58600/113495 ok=58578 fail=22
  download 58800/113495 ok=58778 fail=22
  download 59000/113495 ok=58976 fail=24
  download 59200/113495 ok=59176 fail=24
  download 59400/113495 ok=59375 fail=25
  download 59600/113495 ok=59575 fail=25
  download 59800/113495 ok=59775 fail=25
  download 60000/113495 ok=59975 fail=25
  download 60200/113495 ok=60175 fail=25
  download 60400/113495 ok=60375 fail=25
  download 60600/113495 ok=60575 fail=25
  download 60800/113495 ok=60775 fail=25
  download 61000/113495 ok=60975 fail=25
  download 61200/113495 ok=61175 fail=25
  download 61400/113495 ok=61375 fail=25
  download 61600/113495 ok=61574 fail=26
  download 61800/113495 ok=61774 fail=26
  download 62000/113495 ok=61974 fail=26
  download 62200/113495 ok=62174 fail=26
  download 62400/113495 ok=62374 fail=26
  download 62600/113495 ok=62574 fail=26
  download 62800/113495 ok=62774 fail=26
  download 63000/113495 ok=62974 fail=26
  download 63200/113495 ok=63173 fail=27
  download 63400/113495 ok=63373 fail=27
  download 63600/113495 ok=63573 fail=27
  download 63800/113495 ok=63773 fail=27
  download 64000/113495 ok=63973 fail=27
  download 64200/113495 ok=64173 fail=27
  download 64400/113495 ok=64373 fail=27
  download 64600/113495 ok=64573 fail=27
  download 64800/113495 ok=64772 fail=28
  download 65000/113495 ok=64972 fail=28
  download 65200/113495 ok=65172 fail=28
  download 65400/113495 ok=65372 fail=28
  download 65600/113495 ok=65572 fail=28
  download 65800/113495 ok=65772 fail=28
  download 66000/113495 ok=65971 fail=29
  download 66200/113495 ok=66171 fail=29
  download 66400/113495 ok=66371 fail=29
  download 66600/113495 ok=66571 fail=29
  download 66800/113495 ok=66770 fail=30
  download 67000/113495 ok=66970 fail=30
  download 67200/113495 ok=67170 fail=30
{"ts": "2026-08-05T20:54:08Z", "phase": "download", "n_todo_seed": 29204, "catalog_ids": 62421, "canonical_ids": 35945, "cluster_rows": 73822, "embed_keys": 71804, "posters_multi_dirs": 30073, "ocr_score_rows": 0, "ocr_swaps_proposed": 0}
  download 67400/113495 ok=67370 fail=30
[checkpoint 20:54:10] synced multi-poster-gap artifacts
  download 67600/113495 ok=67569 fail=31
  download 67800/113495 ok=67769 fail=31
  download 68000/113495 ok=67969 fail=31
  download 68200/113495 ok=68169 fail=31
  download 68400/113495 ok=68369 fail=31
  download 68600/113495 ok=68569 fail=31
  download 68800/113495 ok=68769 fail=31
  download 69000/113495 ok=68969 fail=31
  download 69200/113495 ok=69168 fail=32
  download 69400/113495 ok=69368 fail=32
  download 69600/113495 ok=69568 fail=32
  download 69800/113495 ok=69768 fail=32
  download 70000/113495 ok=69968 fail=32
  download 70200/113495 ok=70168 fail=32
  download 70400/113495 ok=70367 fail=33
  download 70600/113495 ok=70567 fail=33
  download 70800/113495 ok=70767 fail=33
  download 71000/113495 ok=70967 fail=33
  download 71200/113495 ok=71166 fail=34
  download 71400/113495 ok=71366 fail=34
  download 71600/113495 ok=71566 fail=34
  download 71800/113495 ok=71766 fail=34
  download 72000/113495 ok=71966 fail=34
  download 72200/113495 ok=72166 fail=34
  download 72400/113495 ok=72366 fail=34
  download 72600/113495 ok=72566 fail=34
  download 72800/113495 ok=72766 fail=34
  download 73000/113495 ok=72966 fail=34
  download 73200/113495 ok=73166 fail=34
  download 73400/113495 ok=73366 fail=34
  download 73600/113495 ok=73566 fail=34
  download 73800/113495 ok=73766 fail=34
  download 74000/113495 ok=73966 fail=34
  download 74200/113495 ok=74166 fail=34
  download 74400/113495 ok=74366 fail=34
  download 74600/113495 ok=74564 fail=36
  download 74800/113495 ok=74764 fail=36
  download 75000/113495 ok=74964 fail=36
  download 75200/113495 ok=75164 fail=36
  download 75400/113495 ok=75364 fail=36
  download 75600/113495 ok=75564 fail=36
  download 75800/113495 ok=75764 fail=36
  download 76000/113495 ok=75964 fail=36
  download 76200/113495 ok=76164 fail=36
  download 76400/113495 ok=76364 fail=36
  download 76600/113495 ok=76564 fail=36
  download 76800/113495 ok=76764 fail=36
  download 77000/113495 ok=76964 fail=36
  download 77200/113495 ok=77164 fail=36
  download 77400/113495 ok=77364 fail=36
  download 77600/113495 ok=77564 fail=36
  download 77800/113495 ok=77764 fail=36
  download 78000/113495 ok=77964 fail=36
  download 78200/113495 ok=78164 fail=36
  download 78400/113495 ok=78364 fail=36
  download 78600/113495 ok=78564 fail=36
  download 78800/113495 ok=78764 fail=36
  download 79000/113495 ok=78964 fail=36
  download 79200/113495 ok=79164 fail=36
  download 79400/113495 ok=79364 fail=36
  download 79600/113495 ok=79564 fail=36
  download 79800/113495 ok=79764 fail=36
  download 80000/113495 ok=79964 fail=36
  download 80200/113495 ok=80164 fail=36
  download 80400/113495 ok=80364 fail=36
  download 80600/113495 ok=80564 fail=36
  download 80800/113495 ok=80764 fail=36
  download 81000/113495 ok=80964 fail=36
  download 81200/113495 ok=81164 fail=36
  download 81400/113495 ok=81364 fail=36
  download 81600/113495 ok=81564 fail=36
  download 81800/113495 ok=81764 fail=36
  download 82000/113495 ok=81964 fail=36
  download 82200/113495 ok=82164 fail=36
  download 82400/113495 ok=82364 fail=36
  download 82600/113495 ok=82564 fail=36
  download 82800/113495 ok=82764 fail=36
  download 83000/113495 ok=82964 fail=36
  download 83200/113495 ok=83164 fail=36
  download 83400/113495 ok=83364 fail=36
  download 83600/113495 ok=83564 fail=36
  download 83800/113495 ok=83764 fail=36
  download 84000/113495 ok=83964 fail=36
  download 84200/113495 ok=84164 fail=36
  download 84400/113495 ok=84363 fail=37
  download 84600/113495 ok=84563 fail=37
  download 84800/113495 ok=84763 fail=37
  download 85000/113495 ok=84963 fail=37
  download 85200/113495 ok=85163 fail=37
{"ts": "2026-08-05T20:57:17Z", "phase": "download", "n_todo_seed": 29204, "catalog_ids": 62421, "canonical_ids": 35945, "cluster_rows": 73822, "embed_keys": 71804, "posters_multi_dirs": 41728, "ocr_score_rows": 0, "ocr_swaps_proposed": 0}
  download 85400/113495 ok=85363 fail=37
  download 85600/113495 ok=85563 fail=37
[checkpoint 20:57:20] synced multi-poster-gap artifacts
  download 85800/113495 ok=85763 fail=37
  download 86000/113495 ok=85963 fail=37
  download 86200/113495 ok=86163 fail=37
  download 86400/113495 ok=86363 fail=37
  download 86600/113495 ok=86563 fail=37
  download 86800/113495 ok=86762 fail=38
  download 87000/113495 ok=86962 fail=38
  download 87200/113495 ok=87162 fail=38
  download 87400/113495 ok=87362 fail=38
  download 87600/113495 ok=87562 fail=38
  download 87800/113495 ok=87762 fail=38
  download 88000/113495 ok=87962 fail=38
  download 88200/113495 ok=88162 fail=38
  download 88400/113495 ok=88362 fail=38
  download 88600/113495 ok=88561 fail=39
  download 88800/113495 ok=88761 fail=39
  download 89000/113495 ok=88961 fail=39
  download 89200/113495 ok=89161 fail=39
  download 89400/113495 ok=89361 fail=39
  download 89600/113495 ok=89561 fail=39
  download 89800/113495 ok=89761 fail=39
  download 90000/113495 ok=89961 fail=39
  download 90200/113495 ok=90161 fail=39
  download 90400/113495 ok=90361 fail=39
  download 90600/113495 ok=90561 fail=39
  download 90800/113495 ok=90761 fail=39
  download 91000/113495 ok=90961 fail=39
  download 91200/113495 ok=91161 fail=39
  download 91400/113495 ok=91360 fail=40
  download 91600/113495 ok=91560 fail=40
  download 91800/113495 ok=91760 fail=40
  download 92000/113495 ok=91960 fail=40
  download 92200/113495 ok=92160 fail=40
  download 92400/113495 ok=92360 fail=40
  download 92600/113495 ok=92560 fail=40
  download 92800/113495 ok=92760 fail=40
  download 93000/113495 ok=92960 fail=40
  download 93200/113495 ok=93160 fail=40
  download 93400/113495 ok=93360 fail=40
  download 93600/113495 ok=93560 fail=40
  download 93800/113495 ok=93760 fail=40
  download 94000/113495 ok=93960 fail=40
  download 94200/113495 ok=94160 fail=40
  download 94400/113495 ok=94360 fail=40
  download 94600/113495 ok=94560 fail=40
  download 94800/113495 ok=94760 fail=40
  download 95000/113495 ok=94960 fail=40
  download 95200/113495 ok=95160 fail=40
  download 95400/113495 ok=95360 fail=40
  download 95600/113495 ok=95560 fail=40
  download 95800/113495 ok=95760 fail=40
  download 96000/113495 ok=95960 fail=40
  download 96200/113495 ok=96160 fail=40
  download 96400/113495 ok=96360 fail=40
  download 96600/113495 ok=96560 fail=40
  download 96800/113495 ok=96760 fail=40
  download 97000/113495 ok=96960 fail=40
  download 97200/113495 ok=97160 fail=40
  download 97400/113495 ok=97360 fail=40
  download 97600/113495 ok=97560 fail=40
  download 97800/113495 ok=97760 fail=40
  download 98000/113495 ok=97960 fail=40
  download 98200/113495 ok=98160 fail=40
  download 98400/113495 ok=98360 fail=40
  download 98600/113495 ok=98560 fail=40
  download 98800/113495 ok=98760 fail=40
  download 99000/113495 ok=98960 fail=40
  download 99200/113495 ok=99160 fail=40
  download 99400/113495 ok=99359 fail=41
  download 99600/113495 ok=99559 fail=41
  download 99800/113495 ok=99759 fail=41
  download 100000/113495 ok=99959 fail=41
  download 100200/113495 ok=100159 fail=41
  download 100400/113495 ok=100359 fail=41
  download 100600/113495 ok=100559 fail=41
  download 100800/113495 ok=100759 fail=41
  download 101000/113495 ok=100959 fail=41
  download 101200/113495 ok=101159 fail=41
  download 101400/113495 ok=101359 fail=41
  download 101600/113495 ok=101559 fail=41
  download 101800/113495 ok=101759 fail=41
  download 102000/113495 ok=101959 fail=41
  download 102200/113495 ok=102159 fail=41
  download 102400/113495 ok=102359 fail=41
  download 102600/113495 ok=102559 fail=41
  download 102800/113495 ok=102758 fail=42
  download 103000/113495 ok=102958 fail=42
  download 103200/113495 ok=103157 fail=43
  download 103400/113495 ok=103357 fail=43
  download 103600/113495 ok=103557 fail=43
  download 103800/113495 ok=103757 fail=43
  download 104000/113495 ok=103957 fail=43
  download 104200/113495 ok=104157 fail=43
  download 104400/113495 ok=104357 fail=43
  download 104600/113495 ok=104557 fail=43
  download 104800/113495 ok=104757 fail=43
  download 105000/113495 ok=104957 fail=43
  download 105200/113495 ok=105157 fail=43
  download 105400/113495 ok=105357 fail=43
  download 105600/113495 ok=105557 fail=43
  download 105800/113495 ok=105757 fail=43
  download 106000/113495 ok=105957 fail=43
{"ts": "2026-08-05T21:00:26Z", "phase": "download", "n_todo_seed": 29204, "catalog_ids": 62421, "canonical_ids": 35945, "cluster_rows": 73822, "embed_keys": 71804, "posters_multi_dirs": 56628, "ocr_score_rows": 0, "ocr_swaps_proposed": 0}
  download 106200/113495 ok=106157 fail=43
[checkpoint 21:00:29] synced multi-poster-gap artifacts
  download 106400/113495 ok=106357 fail=43
  download 106600/113495 ok=106557 fail=43
  download 106800/113495 ok=106757 fail=43
  download 107000/113495 ok=106957 fail=43
  download 107200/113495 ok=107157 fail=43
  download 107400/113495 ok=107357 fail=43
  download 107600/113495 ok=107557 fail=43
  download 107800/113495 ok=107757 fail=43
  download 108000/113495 ok=107957 fail=43
  download 108200/113495 ok=108157 fail=43
  download 108400/113495 ok=108357 fail=43
  download 108600/113495 ok=108557 fail=43
  download 108800/113495 ok=108757 fail=43
  download 109000/113495 ok=108957 fail=43
  download 109200/113495 ok=109157 fail=43
  download 109400/113495 ok=109357 fail=43
  download 109600/113495 ok=109557 fail=43
  download 109800/113495 ok=109757 fail=43
  download 110000/113495 ok=109957 fail=43
  download 110200/113495 ok=110157 fail=43
  download 110400/113495 ok=110357 fail=43
  download 110600/113495 ok=110557 fail=43
  download 110800/113495 ok=110757 fail=43
  download 111000/113495 ok=110957 fail=43
  download 111200/113495 ok=111157 fail=43
  download 111400/113495 ok=111357 fail=43
  download 111600/113495 ok=111557 fail=43
  download 111800/113495 ok=111757 fail=43
  download 112000/113495 ok=111957 fail=43
  download 112200/113495 ok=112157 fail=43
  download 112400/113495 ok=112356 fail=44
  download 112600/113495 ok=112555 fail=45
  download 112800/113495 ok=112755 fail=45
  download 113000/113495 ok=112955 fail=45
  download 113200/113495 ok=113155 fail=45
  download 113400/113495 ok=113355 fail=45
  download 113495/113495 ok=113450 fail=45
done ok=113450 fail=45
{"ts": "2026-08-05T21:01:56Z", "phase": "download", "n_todo_seed": 29204, "catalog_ids": 62421, "canonical_ids": 35945, "cluster_rows": 73822, "embed_keys": 71804, "posters_multi_dirs": 62421, "ocr_score_rows": 0, "ocr_swaps_proposed": 0}
--- embed (merge) ---
Traceback (most recent call last):
  File "/home/ubuntu/aof/pipeline/multi_poster_pipeline.py", line 524, in <module>
    main()
  File "/home/ubuntu/aof/pipeline/multi_poster_pipeline.py", line 520, in main
    args.func(args)
  File "/home/ubuntu/aof/pipeline/multi_poster_pipeline.py", line 250, in cmd_embed
    import clip_embed as ce
  File "/home/ubuntu/aof/pipeline/clip_embed.py", line 19, in <module>
    import open_clip
  File "/home/ubuntu/aof/.venv-mpg/lib/python3.12/site-packages/open_clip/__init__.py", line 3, in <module>
    from .coca_model import CoCa
  File "/home/ubuntu/aof/.venv-mpg/lib/python3.12/site-packages/open_clip/coca_model.py", line 9, in <module>
    from .transformer import (
  File "/home/ubuntu/aof/.venv-mpg/lib/python3.12/site-packages/open_clip/transformer.py", line 10, in <module>
    from .utils import to_2tuple, feature_take_indices
  File "/home/ubuntu/aof/.venv-mpg/lib/python3.12/site-packages/open_clip/utils.py", line 8, in <module>
    from torchvision.ops.misc import FrozenBatchNorm2d
  File "/home/ubuntu/aof/.venv-mpg/lib/python3.12/site-packages/torchvision/__init__.py", line 8, in <module>
    from torchvision import (
  File "/home/ubuntu/aof/.venv-mpg/lib/python3.12/site-packages/torchvision/_meta_registrations.py", line 163, in <module>
    @torch.library.register_fake("torchvision::nms")
     ^^^^^^^^^^^^^^^^^^^^^^^^^^^^^^^^^^^^^^^^^^^^^^^
  File "/home/ubuntu/aof/.venv-mpg/lib/python3.12/site-packages/torch/library.py", line 1262, in register
    use_lib._register_fake(
  File "/home/ubuntu/aof/.venv-mpg/lib/python3.12/site-packages/torch/library.py", line 352, in _register_fake
    handle = entry.fake_impl.register(
             ^^^^^^^^^^^^^^^^^^^^^^^^^
  File "/home/ubuntu/aof/.venv-mpg/lib/python3.12/site-packages/torch/_library/fake_impl.py", line 87, in register
    lib.impl(self.qualname, meta_kernel, "Meta", allow_override=allow_override)
  File "/home/ubuntu/aof/.venv-mpg/lib/python3.12/site-packages/torch/library.py", line 493, in impl
    if torch._C._dispatch_has_kernel_for_dispatch_key(
       ^^^^^^^^^^^^^^^^^^^^^^^^^^^^^^^^^^^^^^^^^^^^^^^
RuntimeError: operator torchvision::nms does not exist
ERROR trap ec=1 phase=embed Wed Aug  5 21:02:01 UTC 2026
{"ts": "2026-08-05T21:02:08Z", "phase": "embed", "n_todo_seed": 29204, "catalog_ids": 62421, "canonical_ids": 35945, "cluster_rows": 73822, "embed_keys": 71804, "posters_multi_dirs": 62421, "ocr_score_rows": 0, "ocr_swaps_proposed": 0}
